
"C:/lscc/radiant/2026.1/tcltk/windows/bin/tclsh" "lab2_murphy_impl_1_synthesize.tcl"

cpe -syn lse -f lab2_murphy_impl_1.cprj -a iCE40UP -o lab2_murphy_impl_1_cpe.ldc
CPE: Constraint Propagation Engine: starting
CRITICAL <35831036> - No top module name specified for top-level design. Results may be inaccurate. Please go to View->Show Views->Hierarchy or Project->Active Implementation->Set Top-Level Unit in order to set top module.
Analyzing VHDL file C:/lscc/radiant/2026.1/ispfpga\vhdl_packages\standard.vhd. VHDL-1481
Analyzing VHDL file C:/lscc/radiant/2026.1/ispfpga\vhdl_packages\standard.vhd

INFO <35921014> - C:/lscc/radiant/2026.1/ispfpga\vhdl_packages\standard.vhd(9): analyzing package standard. VHDL-1014
Analyzing VHDL file C:/lscc/radiant/2026.1/ispfpga\vhdl_packages\std_1164.vhd. VHDL-1481
Analyzing VHDL file C:/lscc/radiant/2026.1/ispfpga\vhdl_packages\std_1164.vhd

INFO <35921014> - C:/lscc/radiant/2026.1/ispfpga\vhdl_packages\std_1164.vhd(15): analyzing package std_logic_1164. VHDL-1014
INFO <35921013> - C:/lscc/radiant/2026.1/ispfpga\vhdl_packages\std_1164.vhd(178): analyzing package body std_logic_1164. VHDL-1013
Analyzing VHDL file C:/lscc/radiant/2026.1/ispfpga\vhdl_packages\mgc_qsim.vhd. VHDL-1481
Analyzing VHDL file C:/lscc/radiant/2026.1/ispfpga\vhdl_packages\mgc_qsim.vhd

INFO <35921014> - C:/lscc/radiant/2026.1/ispfpga\vhdl_packages\mgc_qsim.vhd(18): analyzing package qsim_logic. VHDL-1014
INFO <35921013> - C:/lscc/radiant/2026.1/ispfpga\vhdl_packages\mgc_qsim.vhd(753): analyzing package body qsim_logic. VHDL-1013
Analyzing VHDL file C:/lscc/radiant/2026.1/ispfpga\vhdl_packages\numeric_bit.vhd. VHDL-1481
Analyzing VHDL file C:/lscc/radiant/2026.1/ispfpga\vhdl_packages\numeric_bit.vhd

INFO <35921014> - C:/lscc/radiant/2026.1/ispfpga\vhdl_packages\numeric_bit.vhd(54): analyzing package numeric_bit. VHDL-1014
INFO <35921013> - C:/lscc/radiant/2026.1/ispfpga\vhdl_packages\numeric_bit.vhd(834): analyzing package body numeric_bit. VHDL-1013
Analyzing VHDL file C:/lscc/radiant/2026.1/ispfpga\vhdl_packages\numeric_std.vhd. VHDL-1481
Analyzing VHDL file C:/lscc/radiant/2026.1/ispfpga\vhdl_packages\numeric_std.vhd

INFO <35921014> - C:/lscc/radiant/2026.1/ispfpga\vhdl_packages\numeric_std.vhd(57): analyzing package numeric_std. VHDL-1014
INFO <35921013> - C:/lscc/radiant/2026.1/ispfpga\vhdl_packages\numeric_std.vhd(874): analyzing package body numeric_std. VHDL-1013
Analyzing VHDL file C:/lscc/radiant/2026.1/ispfpga\vhdl_packages\textio.vhd. VHDL-1481
Analyzing VHDL file C:/lscc/radiant/2026.1/ispfpga\vhdl_packages\textio.vhd

INFO <35921014> - C:/lscc/radiant/2026.1/ispfpga\vhdl_packages\textio.vhd(13): analyzing package textio. VHDL-1014
INFO <35921013> - C:/lscc/radiant/2026.1/ispfpga\vhdl_packages\textio.vhd(114): analyzing package body textio. VHDL-1013
Analyzing VHDL file C:/lscc/radiant/2026.1/ispfpga\vhdl_packages\std_logic_textio.vhd. VHDL-1481
Analyzing VHDL file C:/lscc/radiant/2026.1/ispfpga\vhdl_packages\std_logic_textio.vhd

INFO <35921014> - C:/lscc/radiant/2026.1/ispfpga\vhdl_packages\std_logic_textio.vhd(26): analyzing package std_logic_textio. VHDL-1014
INFO <35921013> - C:/lscc/radiant/2026.1/ispfpga\vhdl_packages\std_logic_textio.vhd(72): analyzing package body std_logic_textio. VHDL-1013
Analyzing VHDL file C:/lscc/radiant/2026.1/ispfpga\vhdl_packages\syn_misc.vhd. VHDL-1481
Analyzing VHDL file C:/lscc/radiant/2026.1/ispfpga\vhdl_packages\syn_misc.vhd

INFO <35921014> - C:/lscc/radiant/2026.1/ispfpga\vhdl_packages\syn_misc.vhd(30): analyzing package std_logic_misc. VHDL-1014
INFO <35921013> - C:/lscc/radiant/2026.1/ispfpga\vhdl_packages\syn_misc.vhd(182): analyzing package body std_logic_misc. VHDL-1013
Analyzing VHDL file C:/lscc/radiant/2026.1/ispfpga\vhdl_packages\math_real.vhd. VHDL-1481
INFO <35921014> - C:/lscc/radiant/2026.1/ispfpga\vhdl_packages\math_real.vhd(56): analyzing package math_real. VHDL-1014
INFO <35921013> - C:/lscc/radiant/2026.1/ispfpga\vhdl_packages\math_real.vhd(685): analyzing package body math_real. VHDL-1013
Analyzing VHDL file C:/lscc/radiant/2026.1/ispfpga\vhdl_packages\mixed_lang_vltype.vhd. VHDL-1481
Analyzing VHDL file C:/lscc/radiant/2026.1/ispfpga\vhdl_packages\mixed_lang_vltype.vhd

INFO <35921014> - C:/lscc/radiant/2026.1/ispfpga\vhdl_packages\mixed_lang_vltype.vhd(9): analyzing package vl_types. VHDL-1014
INFO <35921013> - C:/lscc/radiant/2026.1/ispfpga\vhdl_packages\mixed_lang_vltype.vhd(88): analyzing package body vl_types. VHDL-1013
Analyzing VHDL file C:/lscc/radiant/2026.1/ispfpga\vhdl_packages\syn_arit.vhd. VHDL-1481
Analyzing VHDL file C:/lscc/radiant/2026.1/ispfpga\vhdl_packages\syn_arit.vhd

INFO <35921014> - C:/lscc/radiant/2026.1/ispfpga\vhdl_packages\syn_arit.vhd(25): analyzing package std_logic_arith. VHDL-1014
INFO <35921013> - C:/lscc/radiant/2026.1/ispfpga\vhdl_packages\syn_arit.vhd(206): analyzing package body std_logic_arith. VHDL-1013
Analyzing VHDL file C:/lscc/radiant/2026.1/ispfpga\vhdl_packages\syn_attr.vhd. VHDL-1481
Analyzing VHDL file C:/lscc/radiant/2026.1/ispfpga\vhdl_packages\syn_attr.vhd

INFO <35921014> - C:/lscc/radiant/2026.1/ispfpga\vhdl_packages\syn_attr.vhd(39): analyzing package attributes. VHDL-1014
Analyzing VHDL file C:/lscc/radiant/2026.1/ispfpga\vhdl_packages\syn_sign.vhd. VHDL-1481
Analyzing VHDL file C:/lscc/radiant/2026.1/ispfpga\vhdl_packages\syn_sign.vhd

INFO <35921014> - C:/lscc/radiant/2026.1/ispfpga\vhdl_packages\syn_sign.vhd(35): analyzing package std_logic_signed. VHDL-1014
INFO <35921013> - C:/lscc/radiant/2026.1/ispfpga\vhdl_packages\syn_sign.vhd(96): analyzing package body std_logic_signed. VHDL-1013
Analyzing VHDL file C:/lscc/radiant/2026.1/ispfpga\vhdl_packages\syn_unsi.vhd. VHDL-1481
Analyzing VHDL file C:/lscc/radiant/2026.1/ispfpga\vhdl_packages\syn_unsi.vhd

INFO <35921014> - C:/lscc/radiant/2026.1/ispfpga\vhdl_packages\syn_unsi.vhd(35): analyzing package std_logic_unsigned. VHDL-1014
INFO <35921013> - C:/lscc/radiant/2026.1/ispfpga\vhdl_packages\syn_unsi.vhd(94): analyzing package body std_logic_unsigned. VHDL-1013
Analyzing VHDL file C:/lscc/radiant/2026.1/ispfpga\vhdl_packages\synattr.vhd. VHDL-1481
Analyzing VHDL file C:/lscc/radiant/2026.1/ispfpga\vhdl_packages\synattr.vhd

INFO <35921014> - C:/lscc/radiant/2026.1/ispfpga\vhdl_packages\synattr.vhd(50): analyzing package attributes. VHDL-1014
Analyzing VHDL file C:/lscc/radiant/2026.1/ispfpga\..\cae_library\synthesis\vhdl\iCE40UP.vhd. VHDL-1481
Analyzing VHDL file C:/lscc/radiant/2026.1/ispfpga\..\cae_library\synthesis\vhdl\iCE40UP.vhd

Analyzing Verilog file C:/lscc/radiant/2026.1/ispfpga\..\cae_library\synthesis\verilog\iCE40UP.v. VERI-1482
Analyzing Verilog file C:/lscc/radiant/2026.1/ip/pmi/pmi_iCE40UP.v. VERI-1482
INFO <35901328> - C:/lscc/radiant/2026.1/ip/pmi/pmi_iCE40UP.v(1): analyzing included file C:/lscc/radiant/2026.1/ip/pmi/pmi_addsub.v. VERI-1328
INFO <35901328> - C:/lscc/radiant/2026.1/ip/pmi/pmi_addsub.v(40): analyzing included file C:/lscc/radiant/2026.1/ip/pmi/../common/adder_subtractor/rtl/lscc_add_sub.v. VERI-1328
INFO <35901328> - C:/lscc/radiant/2026.1/ip/pmi/pmi_iCE40UP.v(2): analyzing included file C:/lscc/radiant/2026.1/ip/pmi/pmi_add.v. VERI-1328
INFO <35901328> - C:/lscc/radiant/2026.1/ip/pmi/pmi_add.v(50): analyzing included file C:/lscc/radiant/2026.1/ip/pmi/../common/adder/rtl/lscc_adder.v. VERI-1328
INFO <35901328> - C:/lscc/radiant/2026.1/ip/pmi/pmi_iCE40UP.v(3): analyzing included file C:/lscc/radiant/2026.1/ip/pmi/pmi_complex_mult.v. VERI-1328
INFO <35901328> - C:/lscc/radiant/2026.1/ip/pmi/pmi_complex_mult.v(52): analyzing included file C:/lscc/radiant/2026.1/ip/pmi/../common/complex_mult/rtl/lscc_complex_mult.v. VERI-1328
INFO <35901328> - C:/lscc/radiant/2026.1/ip/pmi/pmi_iCE40UP.v(4): analyzing included file C:/lscc/radiant/2026.1/ip/pmi/pmi_counter.v. VERI-1328
INFO <35901328> - C:/lscc/radiant/2026.1/ip/pmi/pmi_counter.v(39): analyzing included file C:/lscc/radiant/2026.1/ip/pmi/../common/counter/rtl/lscc_cntr.v. VERI-1328
INFO <35901328> - C:/lscc/radiant/2026.1/ip/pmi/pmi_iCE40UP.v(5): analyzing included file C:/lscc/radiant/2026.1/ip/pmi/pmi_fifo.v. VERI-1328
INFO <35901328> - C:/lscc/radiant/2026.1/ip/pmi/pmi_fifo.v(44): analyzing included file C:/lscc/radiant/2026.1/ip/pmi/../common/fifo/rtl/lscc_fifo.v. VERI-1328
INFO <35901328> - C:/lscc/radiant/2026.1/ip/pmi/pmi_iCE40UP.v(6): analyzing included file C:/lscc/radiant/2026.1/ip/pmi/pmi_fifo_dc.v. VERI-1328
INFO <35901328> - C:/lscc/radiant/2026.1/ip/pmi/pmi_fifo_dc.v(47): analyzing included file C:/lscc/radiant/2026.1/ip/pmi/../common/fifo_dc/rtl/lscc_fifo_dc.v. VERI-1328
INFO <35901328> - C:/lscc/radiant/2026.1/ip/pmi/pmi_fifo_dc.v(48): analyzing included file C:/lscc/radiant/2026.1/ip/pmi/../LFMXO4/fifo_dc/rtl/lscc_lfmxo4_fifo_dc.v. VERI-1328
INFO <35901328> - C:/lscc/radiant/2026.1/ip/pmi/../LFMXO4/fifo_dc/rtl/lscc_lfmxo4_fifo_dc.v(128): analyzing included file C:/lscc/radiant/2026.1/ip/pmi/../LFMXO4/fifo_dc/rtl/lscc_lfmxo4_fifo_dc_distributed_ram.v. VERI-1328
INFO <35901328> - C:/lscc/radiant/2026.1/ip/pmi/../LFMXO4/fifo_dc/rtl/lscc_lfmxo4_fifo_dc.v(129): analyzing included file C:/lscc/radiant/2026.1/ip/pmi/../LFMXO4/fifo_dc/rtl/lscc_lfmxo4_fifo_dc_ecc.v. VERI-1328
INFO <35901328> - C:/lscc/radiant/2026.1/ip/pmi/../LFMXO4/fifo_dc/rtl/lscc_lfmxo4_fifo_dc.v(130): analyzing included file C:/lscc/radiant/2026.1/ip/pmi/../LFMXO4/fifo_dc/rtl/lscc_lfmxo4_fifo_dc_flag_and_cnts_logic.v. VERI-1328
INFO <35901328> - C:/lscc/radiant/2026.1/ip/pmi/../LFMXO4/fifo_dc/rtl/lscc_lfmxo4_fifo_dc.v(131): analyzing included file C:/lscc/radiant/2026.1/ip/pmi/../LFMXO4/fifo_dc/rtl/lscc_lfmxo4_fifo_dc_gray_reg.v. VERI-1328
INFO <35901328> - C:/lscc/radiant/2026.1/ip/pmi/../LFMXO4/fifo_dc/rtl/lscc_lfmxo4_fifo_dc.v(132): analyzing included file C:/lscc/radiant/2026.1/ip/pmi/../LFMXO4/fifo_dc/rtl/lscc_lfmxo4_fifo_dc_gray_synchronizer.v. VERI-1328
INFO <35901328> - C:/lscc/radiant/2026.1/ip/pmi/../LFMXO4/fifo_dc/rtl/lscc_lfmxo4_fifo_dc.v(133): analyzing included file C:/lscc/radiant/2026.1/ip/pmi/../LFMXO4/fifo_dc/rtl/lscc_lfmxo4_fifo_dc_harden_prim.v. VERI-1328
INFO <35901328> - C:/lscc/radiant/2026.1/ip/pmi/../LFMXO4/fifo_dc/rtl/lscc_lfmxo4_fifo_dc.v(134): analyzing included file C:/lscc/radiant/2026.1/ip/pmi/../LFMXO4/fifo_dc/rtl/lscc_lfmxo4_fifo_dc_harden_rd_ctrl_logic.v. VERI-1328
INFO <35901328> - C:/lscc/radiant/2026.1/ip/pmi/../LFMXO4/fifo_dc/rtl/lscc_lfmxo4_fifo_dc.v(135): analyzing included file C:/lscc/radiant/2026.1/ip/pmi/../LFMXO4/fifo_dc/rtl/lscc_lfmxo4_fifo_dc_harden_rd_output_logic.v. VERI-1328
INFO <35901328> - C:/lscc/radiant/2026.1/ip/pmi/../LFMXO4/fifo_dc/rtl/lscc_lfmxo4_fifo_dc.v(136): analyzing included file C:/lscc/radiant/2026.1/ip/pmi/../LFMXO4/fifo_dc/rtl/lscc_lfmxo4_fifo_dc_harden_ring_counter.v. VERI-1328
INFO <35901328> - C:/lscc/radiant/2026.1/ip/pmi/../LFMXO4/fifo_dc/rtl/lscc_lfmxo4_fifo_dc.v(137): analyzing included file C:/lscc/radiant/2026.1/ip/pmi/../LFMXO4/fifo_dc/rtl/lscc_lfmxo4_fifo_dc_harden_wr_ctrl_logic.v. VERI-1328
INFO <35901328> - C:/lscc/radiant/2026.1/ip/pmi/../LFMXO4/fifo_dc/rtl/lscc_lfmxo4_fifo_dc.v(138): analyzing included file C:/lscc/radiant/2026.1/ip/pmi/../LFMXO4/fifo_dc/rtl/lscc_lfmxo4_fifo_dc_harden.v. VERI-1328
INFO <35901328> - C:/lscc/radiant/2026.1/ip/pmi/../LFMXO4/fifo_dc/rtl/lscc_lfmxo4_fifo_dc.v(139): analyzing included file C:/lscc/radiant/2026.1/ip/pmi/../LFMXO4/fifo_dc/rtl/lscc_lfmxo4_fifo_dc_prim_gen.v. VERI-1328
INFO <35901328> - C:/lscc/radiant/2026.1/ip/pmi/../LFMXO4/fifo_dc/rtl/lscc_lfmxo4_fifo_dc.v(140): analyzing included file C:/lscc/radiant/2026.1/ip/pmi/../LFMXO4/fifo_dc/rtl/lscc_lfmxo4_fifo_dc_rd_ctrl_logic.v. VERI-1328
INFO <35901328> - C:/lscc/radiant/2026.1/ip/pmi/../LFMXO4/fifo_dc/rtl/lscc_lfmxo4_fifo_dc.v(141): analyzing included file C:/lscc/radiant/2026.1/ip/pmi/../LFMXO4/fifo_dc/rtl/lscc_lfmxo4_fifo_dc_wr_ctrl_logic.v. VERI-1328
INFO <35901328> - C:/lscc/radiant/2026.1/ip/pmi/pmi_iCE40UP.v(7): analyzing included file C:/lscc/radiant/2026.1/ip/pmi/pmi_mac.v. VERI-1328
INFO <35901328> - C:/lscc/radiant/2026.1/ip/pmi/pmi_mac.v(52): analyzing included file C:/lscc/radiant/2026.1/ip/pmi/../common/mult_accumulate/rtl/lscc_mult_accumulate.v. VERI-1328
INFO <35901328> - C:/lscc/radiant/2026.1/ip/pmi/pmi_iCE40UP.v(8): analyzing included file C:/lscc/radiant/2026.1/ip/pmi/pmi_multaddsubsum.v. VERI-1328
INFO <35901328> - C:/lscc/radiant/2026.1/ip/pmi/pmi_multaddsubsum.v(53): analyzing included file C:/lscc/radiant/2026.1/ip/pmi/../common/mult_add_sub_sum/rtl/lscc_mult_add_sub_sum.v. VERI-1328
INFO <35901328> - C:/lscc/radiant/2026.1/ip/pmi/pmi_iCE40UP.v(9): analyzing included file C:/lscc/radiant/2026.1/ip/pmi/pmi_multaddsub.v. VERI-1328
INFO <35901328> - C:/lscc/radiant/2026.1/ip/pmi/pmi_multaddsub.v(52): analyzing included file C:/lscc/radiant/2026.1/ip/pmi/../common/mult_add_sub/rtl/lscc_mult_add_sub.v. VERI-1328
INFO <35901328> - C:/lscc/radiant/2026.1/ip/pmi/pmi_iCE40UP.v(10): analyzing included file C:/lscc/radiant/2026.1/ip/pmi/pmi_mult.v. VERI-1328
INFO <35901328> - C:/lscc/radiant/2026.1/ip/pmi/pmi_mult.v(51): analyzing included file C:/lscc/radiant/2026.1/ip/pmi/../common/multiplier/rtl/lscc_multiplier.v. VERI-1328
INFO <35901328> - C:/lscc/radiant/2026.1/ip/pmi/pmi_iCE40UP.v(11): analyzing included file C:/lscc/radiant/2026.1/ip/pmi/pmi_ram_dp.v. VERI-1328
INFO <35901328> - C:/lscc/radiant/2026.1/ip/pmi/pmi_ram_dp.v(48): analyzing included file C:/lscc/radiant/2026.1/ip/pmi/../common/ram_dp/rtl/lscc_ram_dp.v. VERI-1328
INFO <35901328> - C:/lscc/radiant/2026.1/ip/pmi/pmi_ram_dp.v(49): analyzing included file C:/lscc/radiant/2026.1/ip/pmi/../LFMXO4/ram_dp/rtl/lscc_lfmxo4_ram_dp.v. VERI-1328
INFO <35901328> - C:/lscc/radiant/2026.1/ip/pmi/../LFMXO4/ram_dp/rtl/lscc_lfmxo4_ram_dp.v(438): analyzing included file C:/lscc/radiant/2026.1/ip/pmi/../LFMXO4/ram_dp/rtl/lscc_lfmxo4_ram_dp_impl.v. VERI-1328
INFO <35901328> - C:/lscc/radiant/2026.1/ip/pmi/../LFMXO4/ram_dp/rtl/lscc_lfmxo4_ram_dp_impl.v(64): analyzing included file C:/lscc/radiant/2026.1/ip/pmi/../LFMXO4/ram_dp/rtl/lscc_lfmxo4_ram_dp_behavioral.v. VERI-1328
INFO <35901328> - C:/lscc/radiant/2026.1/ip/pmi/../LFMXO4/ram_dp/rtl/lscc_lfmxo4_ram_dp_impl.v(66): analyzing included file C:/lscc/radiant/2026.1/ip/pmi/../LFMXO4/ram_dp/rtl/lscc_lfmxo4_ram_dp_lut_decode.v. VERI-1328
INFO <35901328> - C:/lscc/radiant/2026.1/ip/pmi/../LFMXO4/ram_dp/rtl/lscc_lfmxo4_ram_dp_impl.v(478): analyzing included file C:/lscc/radiant/2026.1/ip/pmi/../LFMXO4/ram_dp/rtl/lscc_lfmxo4_ram_dp_functions.vh. VERI-1328
INFO <35901328> - C:/lscc/radiant/2026.1/ip/pmi/../LFMXO4/ram_dp/rtl/lscc_lfmxo4_ram_dp_impl.v(609): analyzing included file C:/lscc/radiant/2026.1/ip/pmi/../LFMXO4/ram_dp/rtl/lscc_lfmxo4_ram_dp_functions.vh. VERI-1328
INFO <35901328> - C:/lscc/radiant/2026.1/ip/pmi/../LFMXO4/ram_dp/rtl/lscc_lfmxo4_ram_dp_impl.v(1511): analyzing included file C:/lscc/radiant/2026.1/ip/pmi/../LFMXO4/ram_dp/rtl/lscc_lfmxo4_ram_dp_functions.vh. VERI-1328
INFO <35901328> - C:/lscc/radiant/2026.1/ip/pmi/../LFMXO4/ram_dp/rtl/lscc_lfmxo4_ram_dp_impl.v(2456): analyzing included file C:/lscc/radiant/2026.1/ip/pmi/../LFMXO4/ram_dp/rtl/lscc_lfmxo4_ram_dp_functions.vh. VERI-1328
INFO <35901328> - C:/lscc/radiant/2026.1/ip/pmi/../LFMXO4/ram_dp/rtl/lscc_lfmxo4_ram_dp_impl.v(4673): analyzing included file C:/lscc/radiant/2026.1/ip/pmi/../LFMXO4/ram_dp/rtl/lscc_lfmxo4_ram_dp_functions.vh. VERI-1328
INFO <35901328> - C:/lscc/radiant/2026.1/ip/pmi/pmi_iCE40UP.v(12): analyzing included file C:/lscc/radiant/2026.1/ip/pmi/pmi_ram_dq.v. VERI-1328
INFO <35901328> - C:/lscc/radiant/2026.1/ip/pmi/pmi_ram_dq.v(45): analyzing included file C:/lscc/radiant/2026.1/ip/pmi/../common/ram_dq/rtl/lscc_ram_dq.v. VERI-1328
INFO <35901328> - C:/lscc/radiant/2026.1/ip/pmi/pmi_ram_dq.v(46): analyzing included file C:/lscc/radiant/2026.1/ip/pmi/../LFMXO4/ram_dq/rtl/lscc_lfmxo4_ram_dq.v. VERI-1328
INFO <35901328> - C:/lscc/radiant/2026.1/ip/pmi/../LFMXO4/ram_dq/rtl/lscc_lfmxo4_ram_dq.v(2839): analyzing included file C:/lscc/radiant/2026.1/ip/pmi/../LFMXO4/ram_dq/rtl/hsiao_ecc_encoder.v. VERI-1328
INFO <35901328> - C:/lscc/radiant/2026.1/ip/pmi/../LFMXO4/ram_dq/rtl/lscc_lfmxo4_ram_dq.v(2840): analyzing included file C:/lscc/radiant/2026.1/ip/pmi/../LFMXO4/ram_dq/rtl/hsiao_ecc_decoder.v. VERI-1328
INFO <35901328> - C:/lscc/radiant/2026.1/ip/pmi/../LFMXO4/ram_dq/rtl/lscc_lfmxo4_ram_dq.v(2841): analyzing included file C:/lscc/radiant/2026.1/ip/pmi/../LFMXO4/ram_dq/rtl/lscc_lfmxo4_ram_dq_lut_decode.v. VERI-1328
INFO <35901328> - C:/lscc/radiant/2026.1/ip/pmi/pmi_iCE40UP.v(13): analyzing included file C:/lscc/radiant/2026.1/ip/pmi/pmi_rom.v. VERI-1328
INFO <35901328> - C:/lscc/radiant/2026.1/ip/pmi/pmi_rom.v(45): analyzing included file C:/lscc/radiant/2026.1/ip/pmi/../common/rom/rtl/lscc_rom.v. VERI-1328
INFO <35901328> - C:/lscc/radiant/2026.1/ip/pmi/pmi_iCE40UP.v(14): analyzing included file C:/lscc/radiant/2026.1/ip/pmi/pmi_sub.v. VERI-1328
INFO <35901328> - C:/lscc/radiant/2026.1/ip/pmi/pmi_sub.v(50): analyzing included file C:/lscc/radiant/2026.1/ip/pmi/../common/subtractor/rtl/lscc_subtractor.v. VERI-1328
INFO <35901328> - C:/lscc/radiant/2026.1/ip/pmi/pmi_iCE40UP.v(15): analyzing included file C:/lscc/radiant/2026.1/ip/pmi/pmi_ram_dp_be.v. VERI-1328
INFO <35901328> - C:/lscc/radiant/2026.1/ip/pmi/pmi_ram_dp_be.v(49): analyzing included file C:/lscc/radiant/2026.1/ip/pmi/../common/ram_dp/rtl/lscc_ram_dp.v. VERI-1328
INFO <35901328> - C:/lscc/radiant/2026.1/ip/pmi/pmi_ram_dp_be.v(50): analyzing included file C:/lscc/radiant/2026.1/ip/pmi/../LFMXO4/ram_dp/rtl/lscc_lfmxo4_ram_dp.v. VERI-1328
INFO <35901328> - C:/lscc/radiant/2026.1/ip/pmi/../LFMXO4/ram_dp/rtl/lscc_lfmxo4_ram_dp.v(438): analyzing included file C:/lscc/radiant/2026.1/ip/pmi/../LFMXO4/ram_dp/rtl/lscc_lfmxo4_ram_dp_impl.v. VERI-1328
INFO <35901328> - C:/lscc/radiant/2026.1/ip/pmi/pmi_iCE40UP.v(16): analyzing included file C:/lscc/radiant/2026.1/ip/pmi/pmi_ram_dq_be.v. VERI-1328
INFO <35901328> - C:/lscc/radiant/2026.1/ip/pmi/pmi_ram_dq_be.v(45): analyzing included file C:/lscc/radiant/2026.1/ip/pmi/../common/ram_dq/rtl/lscc_ram_dq.v. VERI-1328
INFO <35901328> - C:/lscc/radiant/2026.1/ip/pmi/pmi_ram_dq_be.v(46): analyzing included file C:/lscc/radiant/2026.1/ip/pmi/../LFMXO4/ram_dq/rtl/lscc_lfmxo4_ram_dq.v. VERI-1328
INFO <35901328> - C:/lscc/radiant/2026.1/ip/pmi/../LFMXO4/ram_dq/rtl/lscc_lfmxo4_ram_dq.v(2839): analyzing included file C:/lscc/radiant/2026.1/ip/pmi/../LFMXO4/ram_dq/rtl/hsiao_ecc_encoder.v. VERI-1328
INFO <35901328> - C:/lscc/radiant/2026.1/ip/pmi/../LFMXO4/ram_dq/rtl/lscc_lfmxo4_ram_dq.v(2840): analyzing included file C:/lscc/radiant/2026.1/ip/pmi/../LFMXO4/ram_dq/rtl/hsiao_ecc_decoder.v. VERI-1328
INFO <35901328> - C:/lscc/radiant/2026.1/ip/pmi/../LFMXO4/ram_dq/rtl/lscc_lfmxo4_ram_dq.v(2841): analyzing included file C:/lscc/radiant/2026.1/ip/pmi/../LFMXO4/ram_dq/rtl/lscc_lfmxo4_ram_dq_lut_decode.v. VERI-1328
INFO <35901328> - C:/lscc/radiant/2026.1/ip/pmi/pmi_iCE40UP.v(17): analyzing included file C:/lscc/radiant/2026.1/ip/pmi/pmi_dsp.v. VERI-1328
Analyzing Verilog file C:/Users/hmurphy/Documents/GitHub/e155-portfolio/labs/lab2/fpga/radiant project/design/display_scan.sv. VERI-1482
Analyzing Verilog file C:/Users/hmurphy/Documents/GitHub/e155-portfolio/labs/lab2/fpga/radiant project/design/lab2_hm.sv. VERI-1482
Analyzing Verilog file C:/Users/hmurphy/Documents/GitHub/e155-portfolio/labs/lab2/fpga/radiant project/design/scan_counter.sv. VERI-1482
Analyzing Verilog file C:/Users/hmurphy/Documents/GitHub/e155-portfolio/labs/lab2/fpga/radiant project/design/seven_seg_decoder.sv. VERI-1482
Analyzing VHDL file C:/lscc/radiant/2026.1/ip/pmi/pmi_iCE40UP.vhd. VHDL-1481
Analyzing VHDL file C:/lscc/radiant/2026.1/ip/pmi/pmi_iCE40UP.vhd

INFO <35921014> - C:/lscc/radiant/2026.1/ip/pmi/pmi_iCE40UP.vhd(4): analyzing package components. VHDL-1014
Setting 'lab2_hm' as the top-level module.
Top module name (Verilog): lab2_hm
INFO <35901018> - C:/Users/hmurphy/Documents/GitHub/e155-portfolio/labs/lab2/fpga/radiant project/design/lab2_hm.sv(9): compiling module lab2_hm. VERI-1018
INFO <35901018> - C:/Users/hmurphy/Documents/GitHub/e155-portfolio/labs/lab2/fpga/radiant project/design/display_scan.sv(8): compiling module display_scan. VERI-1018
WARNING <35901209> - C:/Users/hmurphy/Documents/GitHub/e155-portfolio/labs/lab2/fpga/radiant project/design/display_scan.sv(26): expression size 32 truncated to fit in target size 15. VERI-1209
INFO <35901018> - C:/Users/hmurphy/Documents/GitHub/e155-portfolio/labs/lab2/fpga/radiant project/design/scan_counter.sv(8): compiling module scan_counter. VERI-1018
WARNING <35901209> - C:/Users/hmurphy/Documents/GitHub/e155-portfolio/labs/lab2/fpga/radiant project/design/scan_counter.sv(27): expression size 32 truncated to fit in target size 2. VERI-1209
WARNING <35901209> - C:/Users/hmurphy/Documents/GitHub/e155-portfolio/labs/lab2/fpga/radiant project/design/scan_counter.sv(29): expression size 32 truncated to fit in target size 24. VERI-1209
INFO <35901018> - C:/Users/hmurphy/Documents/GitHub/e155-portfolio/labs/lab2/fpga/radiant project/design/seven_seg_decoder.sv(9): compiling module seven_segment_decoder. VERI-1018
Source compile complete.
Writing output files.
CPE Completed. lab2_murphy_impl_1_cpe.ldc and CPEReport.txt produced.
CPE: Constraint Propagation Engine: completed



synthesis -f C:/Users/hmurphy/Downloads/E155/lab2_murphy/impl_1/lab2_murphy_impl_1_lattice.synproj -logfile lab2_murphy_impl_1_lattice.srp
synthesis:  version Radiant Software (64-bit) 2026.1.0.37.0

Copyright (c) 1991-1994 by NeoCAD Inc. All rights reserved.
Copyright (c) 1995 AT&T Corp.   All rights reserved.
Copyright (c) 1995-2001 Lucent Technologies Inc.  All rights reserved.
Copyright (c) 2001 Agere Systems   All rights reserved.
Copyright (c) 2002-2026 Lattice Semiconductor Corporation,  All rights reserved.
Wed Sep 16 12:26:55 2026


Command Line:  C:\lscc\radiant\2026.1\ispfpga\bin\nt64\synthesis.exe -f C:/Users/hmurphy/Downloads/E155/lab2_murphy/impl_1/lab2_murphy_impl_1_lattice.synproj -logfile lab2_murphy_impl_1_lattice.srp -gui -msgset C:/Users/hmurphy/Downloads/E155/lab2_murphy/promote.xml 

Lattice Synthesis Engine launched.

CRITICAL <35002005> - synthesis: Top-level unit not specified. This may cause functional errors after synthesis.
Please set the correct top-level unit via:
  - GUI: Project > Active Implementation > Set Top-Level Unit...
  - TCL: prj_set_top_module <name>
  - CLI: -top <name>

Synthesis options:
The -a option is iCE40UP.
The -t option is SG48.
The -sp option is High-Performance_1.2V.
The -p option is iCE40UP5K.

###################### Device Information ######################
----------------------------------------------------------------
Lattice Family        | iCE40UP
----------------------------------------------------------------
Device                | iCE40UP5K
----------------------------------------------------------------
Package               | SG48
----------------------------------------------------------------
Performance Grade     | High-Performance_1.2V
----------------------------------------------------------------
################################################################

####################### Device Resources #######################
----------------------------------------------------------------
Logic Cells           | 5280
----------------------------------------------------------------
RAM Blocks            | 30
----------------------------------------------------------------
DSP Blocks            | 8
----------------------------------------------------------------
PLLs                  | 1
----------------------------------------------------------------
I/O Pins              | 56
----------------------------------------------------------------
################################################################

Resolving user-selected strategy settings...

INFO <35001797> - Use DCC Insertion disabled by default.

###################### Strategy Settings #######################
----------------------------------------------------------------
Optimization Goal     | Area
----------------------------------------------------------------
Top-level Module Name | 
----------------------------------------------------------------
Target Frequency      | 200.000 MHz
----------------------------------------------------------------
Maximum Fanout        | 1000
----------------------------------------------------------------
Timing Path Count     | 3
----------------------------------------------------------------
RAM Read/Write Check  | False
----------------------------------------------------------------
BRAM Utilization      | 100.0%
----------------------------------------------------------------
DSP Usage             | True
----------------------------------------------------------------
DSP Utilization       | 100.0%
----------------------------------------------------------------
FSM Encoding Style    | Auto
----------------------------------------------------------------
Resolve Mixed Drivers | False
----------------------------------------------------------------
Fix Gated Clocks      | True
----------------------------------------------------------------
Mux Style             | Auto
----------------------------------------------------------------
Use Carry Chain       | True
----------------------------------------------------------------
Carry Chain Length    | Infinite
----------------------------------------------------------------
Loop Limit            | 1950
----------------------------------------------------------------
Use I/O Insertion     | True
----------------------------------------------------------------
Use I/O Registers     | True
----------------------------------------------------------------
Resource Sharing      | True
----------------------------------------------------------------
Propagate Constants   | True
----------------------------------------------------------------
Remove Duplicate Reg  | True
----------------------------------------------------------------
Force GSR             | False
----------------------------------------------------------------
ROM Style             | Auto
----------------------------------------------------------------
RAM Style             | Auto
----------------------------------------------------------------
Remove LOC Properties | False
----------------------------------------------------------------
Partition Flow        | False
----------------------------------------------------------------
Use DCC Insertion     | None
----------------------------------------------------------------
################################################################


The -comp option is FALSE.
The -syn option is FALSE.

Output HDL filename: lab2_murphy_impl_1.vm
-sdc option: SDC file input is lab2_murphy_impl_1_cpe.ldc.
-path . (searchpath added)
-path .. (searchpath added)
-path ../../../../Documents/GitHub/e155-portfolio/labs/lab2/fpga/radiant project/design (searchpath added)
-path ../../../../Documents/GitHub/e155-portfolio/labs/lab2/fpga/radiant project/testbenches (searchpath added)
-path C:/lscc/radiant/2026.1/ispfpga/ice40tp/data (searchpath added)
Mixed language design
CRITICAL <35001476> - A top-level module has not been specified for the mixed language design.
Verilog design file: C:/lscc/radiant/2026.1/ip/pmi/pmi_iCE40UP.v
Verilog design file: ../../../../Documents/GitHub/e155-portfolio/labs/lab2/fpga/radiant project/design/display_scan.sv
Verilog design file: ../../../../Documents/GitHub/e155-portfolio/labs/lab2/fpga/radiant project/design/lab2_hm.sv
Verilog design file: ../../../../Documents/GitHub/e155-portfolio/labs/lab2/fpga/radiant project/design/scan_counter.sv
Verilog design file: ../../../../Documents/GitHub/e155-portfolio/labs/lab2/fpga/radiant project/design/seven_seg_decoder.sv
VHDL library: pmi
VHDL design file: C:/lscc/radiant/2026.1/ip/pmi/pmi_iCE40UP.vhd

Compiling design...

Analyzing Verilog file C:/lscc/radiant/2026.1/ispfpga\..\cae_library\synthesis\verilog\generic.v. VERI-1482
Analyzing Verilog file C:/lscc/radiant/2026.1/ispfpga\..\cae_library\synthesis\verilog\iCE40UP.v. VERI-1482
Analyzing Verilog file C:/lscc/radiant/2026.1/ispfpga\..\cae_library\synthesis\verilog\iCE40UP.v. VERI-1482
Analyzing Verilog file C:/lscc/radiant/2026.1/ispfpga\..\cae_library\simulation\verilog\iCE40UP\iCE40UP_sp.v. VERI-1482
Analyzing Verilog file C:/lscc/radiant/2026.1/ip/pmi/pmi_iCE40UP.v. VERI-1482
Analyzing Verilog file ../../../../Documents/GitHub/e155-portfolio/labs/lab2/fpga/radiant project/design/display_scan.sv. VERI-1482
Analyzing Verilog file ../../../../Documents/GitHub/e155-portfolio/labs/lab2/fpga/radiant project/design/lab2_hm.sv. VERI-1482
Analyzing Verilog file ../../../../Documents/GitHub/e155-portfolio/labs/lab2/fpga/radiant project/design/scan_counter.sv. VERI-1482
Analyzing Verilog file ../../../../Documents/GitHub/e155-portfolio/labs/lab2/fpga/radiant project/design/seven_seg_decoder.sv. VERI-1482
Setting 'lab2_hm' as the top-level module.
Top module name (Verilog): lab2_hm
INFO <35901018> - ../../../../Documents/GitHub/e155-portfolio/labs/lab2/fpga/radiant project/design/lab2_hm.sv(9): compiling module lab2_hm. VERI-1018
INFO <35901018> - ../../../../Documents/GitHub/e155-portfolio/labs/lab2/fpga/radiant project/design/display_scan.sv(8): compiling module display_scan. VERI-1018
WARNING <35901209> - ../../../../Documents/GitHub/e155-portfolio/labs/lab2/fpga/radiant project/design/display_scan.sv(26): expression size 32 truncated to fit in target size 15. VERI-1209
INFO <35901018> - ../../../../Documents/GitHub/e155-portfolio/labs/lab2/fpga/radiant project/design/scan_counter.sv(8): compiling module scan_counter. VERI-1018
WARNING <35901209> - ../../../../Documents/GitHub/e155-portfolio/labs/lab2/fpga/radiant project/design/scan_counter.sv(27): expression size 32 truncated to fit in target size 2. VERI-1209
WARNING <35901209> - ../../../../Documents/GitHub/e155-portfolio/labs/lab2/fpga/radiant project/design/scan_counter.sv(29): expression size 32 truncated to fit in target size 24. VERI-1209
INFO <35901018> - ../../../../Documents/GitHub/e155-portfolio/labs/lab2/fpga/radiant project/design/seven_seg_decoder.sv(9): compiling module seven_segment_decoder. VERI-1018
[Parameter Setting Section Start]

	[Parameter Settings for top-level module]
	(Module: lab2_hm)
		display_max               23999
		display_bit_number        15
		scan_max                  11999999
		scan_bit_number           24

	[Parameter Settings for Instance(s): hf_osc]
	(Module: HSOSC)
		CLKHF_DIV                 "0b00"

	[Parameter Settings for Instance(s): u_display_scan]
	(Module: display_scan)
		bit_number                15
		max_count                 23999

	[Parameter Settings for Instance(s): u_scan_counter]
	(Module: scan_counter)
		bit_number                24
		max_count                 11999999

[Parameter Setting Section End]
INFO <35001774> - Extracted state machine for register '\u_scan_counter/state' with one-hot encoding
State machine has 4 reachable states with original encodings of:

 00 

 01 

 10 

 11 

original encoding -> new encoding (one-hot encoding)

 00 -> 0001

 01 -> 0010

 10 -> 0100

 11 -> 1000




WARNING <35002062> - Port rejected for I/O register mapping: reset
WARNING <35002062> - Port rejected for I/O register mapping: s0[3]
WARNING <35002062> - Port rejected for I/O register mapping: s0[2]
WARNING <35002062> - Port rejected for I/O register mapping: s0[1]
WARNING <35002062> - Port rejected for I/O register mapping: s0[0]
WARNING <35002062> - Port rejected for I/O register mapping: s1[3]
WARNING <35002062> - Port rejected for I/O register mapping: s1[2]
WARNING <35002062> - Port rejected for I/O register mapping: s1[1]
WARNING <35002062> - Port rejected for I/O register mapping: s1[0]
WARNING <35002062> - Port rejected for I/O register mapping: seg[6]
WARNING <35002062> - Port rejected for I/O register mapping: seg[5]
WARNING <35002062> - Port rejected for I/O register mapping: seg[4]
WARNING <35002062> - Port rejected for I/O register mapping: seg[3]
WARNING <35002062> - Port rejected for I/O register mapping: seg[2]
WARNING <35002062> - Port rejected for I/O register mapping: seg[1]
WARNING <35002062> - Port rejected for I/O register mapping: seg[0]
WARNING <35002062> - Port rejected for I/O register mapping: anode_0
WARNING <35002062> - Port rejected for I/O register mapping: anode_1
WARNING <35002062> - Port rejected for I/O register mapping: cols[3]
WARNING <35002062> - Port rejected for I/O register mapping: cols[2]
WARNING <35002062> - Port rejected for I/O register mapping: cols[1]
WARNING <35002062> - Port rejected for I/O register mapping: cols[0]
WARNING <35002062> - Port rejected for I/O register mapping: rows[3]
WARNING <35002062> - Port rejected for I/O register mapping: rows[2]
WARNING <35002062> - Port rejected for I/O register mapping: rows[1]
WARNING <35002062> - Port rejected for I/O register mapping: rows[0]
WARNING <35002062> - Port rejected for I/O register mapping: col_leds[3]
WARNING <35002062> - Port rejected for I/O register mapping: col_leds[2]
WARNING <35002062> - Port rejected for I/O register mapping: col_leds[1]
WARNING <35002062> - Port rejected for I/O register mapping: col_leds[0]

################### Begin Area Report (lab2_hm)######################
Number of register bits => 44 of 5280 (0 % )
CCU2 => 21
FD1P3XZ => 44
HSOSC_CORE => 1
IB => 13
LUT4 => 36
OB => 17
################### End Area Report ##################
Number of odd-length carry chains : 1
Number of even-length carry chains : 1

################### Begin Clock Report ######################
Clock Nets
Number of Clocks: 1
  Net : clk, loads : 0
Clock Enable Nets
Number of Clock Enables: 0
Highest fanout non-clock nets
Top 10 highest fanout non-clock nets:
  Net : u_scan_counter/n87, loads : 37
  Net : u_display_scan/n85, loads : 21
  Net : u_scan_counter/n366, loads : 14
  Net : u_scan_counter/n101[23], loads : 14
  Net : u_scan_counter/n101[22], loads : 13
  Net : u_scan_counter/n101[21], loads : 13
  Net : u_scan_counter/n364, loads : 13
  Net : u_scan_counter/n362, loads : 12
  Net : u_scan_counter/n101[19], loads : 12
  Net : u_scan_counter/n101[20], loads : 12
################### End Clock Report ##################

################### Begin Constraint Report ######################
Constraint Summary:
  Total number of constraints: 0
  Total number of constraints dropped: 0
###################  End Constraint Report  ######################

Peak Memory Usage: 89 MB

--------------------------------------------------------------
Total CPU Time: 0 secs 
Total REAL Time: 0 secs 
--------------------------------------------------------------
Checksum -- synthesis -- netlist: 4f9a11c753b48987bdafdfe08f86fef433ac67e6



postsyn -a iCE40UP -p iCE40UP5K -t SG48 -sp High-Performance_1.2V -oc Industrial -top -w -o lab2_murphy_impl_1_syn.udb lab2_murphy_impl_1.vm -ldc lab2_murphy_impl_1.ldc
POSTSYN: Post Synthesis Process Radiant Software (64-bit) 2026.1.0.37.0
Command Line: postsyn -a iCE40UP -p iCE40UP5K -t SG48 -sp High-Performance_1.2V -oc Industrial -top -w -o lab2_murphy_impl_1_syn.udb -ldc lab2_murphy_impl_1.ldc -gui -msgset C:/Users/hmurphy/Downloads/E155/lab2_murphy/promote.xml lab2_murphy_impl_1.vm 
   Architecture:     iCE40UP
   Device:           iCE40UP5K
   Package:          SG48
   Performance:      High-Performance_1.2V
Reading input file 'lab2_murphy_impl_1.vm' ...
CPU Time to convert: 0.0625
REAL Time to convert: 0
convert PEAK Memory Usage: 33 MB
convert CURRENT Memory Usage: 33 MB
Reading constraint file 'lab2_murphy_impl_1.ldc' ...
Removing unused logic ...
Starting design annotation....
 
Constraint Summary:
   Total number of constraints: 2
   Total number of constraints dropped: 0
 
Writing output file 'lab2_murphy_impl_1_syn.udb'.
POSTSYN finished successfully.
Total CPU Time: 0 secs 
Total REAL Time: 0 secs 
Peak Memory Usage: 42 MB
Checksum -- postsyn: d003b2f0d454a7b692fa2606872e5033a9909c78



pnmainc -log pnmain "lab2_murphy_impl_1_map.tcl"
map:  version Radiant Software (64-bit) 2026.1.0.37.0

Copyright (c) 1991-1994 by NeoCAD Inc. All rights reserved.
Copyright (c) 1995 AT&T Corp.   All rights reserved.
Copyright (c) 1995-2001 Lucent Technologies Inc.  All rights reserved.
Copyright (c) 2001 Agere Systems   All rights reserved.
Copyright (c) 2002-2026 Lattice Semiconductor Corporation,  All rights reserved.

Command line:   map -pdc C:/Users/hmurphy/Downloads/E155/lab2_murphy/lab2_murphy.pdc -i lab2_murphy_impl_1_syn.udb -o lab2_murphy_impl_1_map.udb -mp lab2_murphy_impl_1.mrp -hierrpt -gui -msgset C:/Users/hmurphy/Downloads/E155/lab2_murphy/promote.xml 

Loading device for application GENERIC from file 'itpa08.nph' in environment: C:/lscc/radiant/2026.1/ispfpga.
Package Status:                     Preliminary    Version 1.5.



Design:  lab2_hm
Family:  iCE40UP
Device:  iCE40UP5K
Package: SG48
Performance Grade:  High-Performance_1.2V

Running general design DRC...




Design Summary:
   Number of slice registers:  44 out of  5280 (1%)
   Number of I/O registers:      0 out of   117 (0%)
   Number of LUT4s:            83 out of  5280 (2%)
      Number of logic LUT4s:              37
      Number of inserted feedthru LUT4s:   4
      Number of ripple logic:             21 (42 LUT4s)
   Number of IO sites used:   30 out of 39 (77%)
      Number of IO sites used for general PIO: 30
      Number of IO sites used for I3C: 0 out of 2 (0%)
      (note: If I3C is not used, its site can be used as general PIO)
      Number of IO sites used for PIO+I3C: 30 out of 36 (83%)
      Number of IO sites used for OD+RGB IO buffers: 0 out of 3 (0%)
      (note: If RGB LED drivers are not used, sites can be used as OD outputs,
       see TN1288 iCE40 LED Driver Usage Guide)
      Number of IO sites used for PIO+I3C+OD+RGB: 30 out of 39 (77%)
   Number of DSPs:             0 out of 8 (0%)
   Number of I2Cs:             0 out of 2 (0%)
   Number of High Speed OSCs:  1 out of 1 (100%)
   Number of Low Speed OSCs:   0 out of 1 (0%)
   Number of RGB PWM:          0 out of 1 (0%)
   Number of RGB Drivers:      0 out of 1 (0%)
   Number of SCL FILTERs:      0 out of 2 (0%)
   Number of SRAMs:            0 out of 4 (0%)
   Number of WARMBOOTs:        0 out of 1 (0%)
   Number of SPIs:             0 out of 2 (0%)
   Number of EBRs:             0 out of 30 (0%)
   Number of PLLs:             0 out of 1 (0%)
   Number of Clocks:  1
      Net clk: 26 loads, 26 rising, 0 falling (Driver: Pin hf_osc/CLKHF)
   Number of Clock Enables:  2
      Net VCC_net: 1 loads, 0 SLICEs
      Net u_scan_counter.n87: 4 loads, 4 SLICEs
   Number of LSRs:  3
      Net u_scan_counter.n87: 13 loads, 13 SLICEs
      Net n84: 5 loads, 5 SLICEs
      Net u_display_scan.n85: 8 loads, 8 SLICEs
   Top 10 highest fanout non-clock nets:
      Net u_scan_counter.n87: 17 loads
      Net u_display_scan.n85: 8 loads
      Net anode_1_c: 7 loads
      Net hex_current[0]: 7 loads
      Net hex_current[1]: 7 loads
      Net hex_current[2]: 7 loads
      Net hex_current[3]: 7 loads
      Net n84: 5 loads
      Net rows_c[0]: 5 loads
      Net u_scan_counter.rows_c_2__N_46[2]: 4 loads
Running physical design DRC...

 


   Number of warnings:  0
   Number of criticals: 0
   Number of errors:    0

Constraint Summary:
   Total number of constraints: 32
   Total number of constraints dropped: 0


Total CPU Time: 0 secs  
Total REAL Time: 0 secs  
Peak Memory Usage: 66 MB

Checksum -- map: cb1e96dca146df6f45c47417c50c7ada96bfaa77
**** CMD map_run - CPU/Elapsed: 0 secs / 0 secs , MEM/Increased: 59.761 Mb/ 0.172 Mb, DATE: 12:26:57 09/16/26
Thank you for using Radiant. Total CPU/Elapsed time: 0 secs /0 secs 

pnmainc -log pnmain "lab2_murphy_impl_1_par.tcl"

PAR: Place And Route Radiant Software (64-bit) 2026.1.0.37.0.
PARed on: Wed Sep 16 12:26:57 2026

Command Line: par -w -t 1 -cores 1 -hsp m -exp parPathBased=ON \
	lab2_murphy_impl_1_map.udb lab2_murphy_impl_1_par.dir/5_1.udb 

Loading lab2_murphy_impl_1_map.udb ...
Loading device for application GENERIC from file 'itpa08.nph' in environment: C:/lscc/radiant/2026.1/ispfpga.
Package Status:                     Preliminary    Version 1.5.
Successfully read the udb in 0.00 s.

Performance Hardware Data Status:   Advanced       Version 1.0.



Design:  lab2_hm
Family:  iCE40UP
Device:  iCE40UP5K
Package: SG48
Performance Grade:   High-Performance_1.2V

Constraint Summary
   Total number of constraints: 31
   Total number of constraints dropped: 0

Successfully loaded device info and constraints in 0.00 s.

Beginning Place Design 
Phase 1 Placer Initialization 
Number of Signals: 178
Number of Connections: 354
Phase 1 Placer Initialization Complete: Time (s) - CPU Time : 0.00, Real Time : 0.00  |   Memory (MB) - Peak Memory : 77.11, Gain Memory : 4.54  

Time: cpu = 00:00:00 ; elapsed : 00:00:00 . Memory (MB): peak = 77.11 ; gain = 4.54 

Phase 2 Logic Packing 
Device utilization summary:

   SLICE (est.)      49/2640          2% used
     LUT             83/5280          2% used
     REG             44/5280          1% used
   PIO               30/56           54% used
                     30/36           83% bonded
   IOLOGIC            0/56            0% used
   DSP                0/8             0% used
   I2C                0/2             0% used
   HFOSC              1/1           100% used
   LFOSC              0/1             0% used
   LEDDA_IP           0/1             0% used
   RGBA_DRV           0/1             0% used
   FILTER             0/2             0% used
   SRAM               0/4             0% used
   WARMBOOT           0/1             0% used
   SPI                0/2             0% used
   EBR                0/30            0% used
   PLL                0/1             0% used
   RGBOUTBUF          0/3             0% used
   I3C                0/2             0% used
   OPENDRAIN          0/3             0% used

Phase 2 Logic Packing Complete: Time (s) - CPU Time : 0.02, Real Time : 0.00  |   Memory (MB) - Peak Memory : 77.24, Gain Memory : 0.09  

Time: cpu = 00:00:00 ; elapsed : 00:00:00 . Memory (MB): peak = 77.24 ; gain = 0.09 

Phase 3 Hierarchical Placement 
Pin Constraint Summary:
   30 out of 30 pins locked (100% locked).
Phase 3.1 Clustering & Global Placement 
Phase 3.1 Clustering & Global Placement Complete: Time (s) - CPU Time : 0.00, Real Time : 0.00  |   Memory (MB) - Peak Memory : 78.32, Gain Memory : 0.00  

Time: cpu = 00:00:00 ; elapsed : 00:00:00 . Memory (MB): peak = 78.32 ; gain = 0.00 

Phase 3 Hierarchical Placement Complete: Time (s) - CPU Time : 0.00, Real Time : 0.01  |   Memory (MB) - Peak Memory : 78.34, Gain Memory : 1.10  

Time: cpu = 00:00:00 ; elapsed : 00:00:00 . Memory (MB): peak = 78.34 ; gain = 1.10 

Phase 4 Apollo Placement 

................
Finished Placer Phase 0 (AP).  CPU time: 0 secs , REAL time: 0 secs 

Phase 4 Apollo Placement Complete: Time (s) - CPU Time : 0.08, Real Time : 0.07  |   Memory (MB) - Peak Memory : 81.20, Gain Memory : 2.86  

Time: cpu = 00:00:00 ; elapsed : 00:00:00 . Memory (MB): peak = 81.20 ; gain = 2.86 

Phase 5 Constructive Placement 
Phase 5.1 Iterative Refinement 
..  ..
....................

Placer score = 36941.

Device SLICE utilization summary after final SLICE packing:
   SLICE             46/2640          1% used

Phase 5.1 Iterative Refinement Complete: Time (s) - CPU Time : 3.81, Real Time : 3.82  |   Memory (MB) - Peak Memory : 93.36, Gain Memory : 12.15  

Time: cpu = 00:00:04 ; elapsed : 00:00:04 . Memory (MB): peak = 93.36 ; gain = 12.15 

Phase 5 Constructive Placement Complete: Time (s) - CPU Time : 3.81, Real Time : 3.82  |   Memory (MB) - Peak Memory : 93.36, Gain Memory : 12.15  

Time: cpu = 00:00:04 ; elapsed : 00:00:04 . Memory (MB): peak = 93.36 ; gain = 12.15 

Phase 6 Placement Optimization 
Phase 6.1 Local Optimization 
.

Placer score =  41813
Phase 6.1 Local Optimization Complete: Time (s) - CPU Time : 0.02, Real Time : 0.01  |   Memory (MB) - Peak Memory : 93.36, Gain Memory : 1.81  

Time: cpu = 00:00:04 ; elapsed : 00:00:04 . Memory (MB): peak = 93.36 ; gain = 1.81 

Phase 6 Placement Optimization Complete: Time (s) - CPU Time : 0.02, Real Time : 0.01  |   Memory (MB) - Peak Memory : 93.36, Gain Memory : 1.81  

Time: cpu = 00:00:04 ; elapsed : 00:00:04 . Memory (MB): peak = 93.36 ; gain = 1.81 

Phase 7 IC1PL_TKPP 

------------------ Clock Report ------------------

Global Clocks :
  PRIMARY "clk" from comp "hf_osc" on site "HFOSC_R1C32", clk load = 25, ce load = 0, sr load = 0

  PRIMARY  : 1 out of 8 (12%)

--------------- End of Clock Report ---------------


I/O Usage Summary (final):
   30 out of 56 (53.6%) I/O sites used.
   30 out of 36 (83.3%) bonded I/O sites used.
   Number of I/O components: 30; differential: 0
   Number of Vref pins used: 0

I/O Bank Usage Summary:
+----------+----------------+------------+------------+------------+
| I/O Bank | Usage          | Bank Vccio | Bank Vref1 | Bank Vref2 |
+----------+----------------+------------+------------+------------+
| 0        | 12 / 14 ( 85%) | 3.3V       |            |            |
| 1        | 10 / 14 ( 71%) | 3.3V       |            |            |
| 2        | 8 / 8 (100%)   | 3.3V       |            |            |
+----------+----------------+------------+------------+------------+

Phase 7 IC1PL_TKPP Complete: Time (s) - CPU Time : 0.00, Real Time : 0.00  |   Memory (MB) - Peak Memory : 93.36, Gain Memory : 1.64  

Time: cpu = 00:00:04 ; elapsed : 00:00:04 . Memory (MB): peak = 93.36 ; gain = 1.64 

Total Placer CPU time: 4 secs, REAL time = 4 secs


Checksum -- place: 8c59e2d685874e0f395648b9c319cbb89de71e79
Ending Place Design : Time (s) - CPU Time : 3.92, Real Time : 3.93  |   Memory (MB) - Peak Memory : 93.36, Gain Memory : 20.80  

Time: cpu = 00:00:04 ; elapsed : 00:00:04 . Memory (MB): peak = 93.36 ; gain = 20.80 


 Phase Summary Table: 	
+--------------------------------------------------------+-------------+--------------+-----------------+----------------+
| Phase Name                                             | CPU Time(s) | Wall Time(s) | Peak Memory(MB) | Memory Gain(MB)|
+--------------------------------------------------------+-------------+--------------+-----------------+----------------+
| Phase 1 Placer Initialization                          | 0.00        |         0.00 |           77.11 |           4.54 |
| Phase 2 Logic Packing                                  | 0.02        |         0.00 |           77.24 |           0.09 |
| Phase 3 Hierarchical Placement                         | 0.00        |         0.01 |           78.34 |           1.10 |
| Phase 3.1 Clustering & Global Placement                | 0.00        |         0.00 |           78.32 |           0.00 |
| Phase 4 Apollo Placement                               | 0.08        |         0.07 |           81.20 |           2.86 |
| Phase 5 Constructive Placement                         | 3.81        |         3.82 |           93.36 |          12.15 |
| Phase 5.1 Iterative Refinement                         | 3.81        |         3.82 |           93.36 |          12.15 |
| Phase 6 Placement Optimization                         | 0.02        |         0.01 |           93.36 |           1.81 |
| Phase 6.1 Local Optimization                           | 0.02        |         0.01 |           93.36 |           1.81 |
| Phase 7 IC1PL_TKPP                                     | 0.00        |         0.00 |           93.36 |           1.64 |
+--------------------------------------------------------+-------------+--------------+-----------------+----------------+
Writing design to file lab2_murphy_impl_1_par.dir/5_1.udb ...

Starting Route Task
Beginning Route Design 
Phase 1 Build Route Design 

Start NBR router at 12:27:01 09/16/26

*****************************************************************
Info: NBR allows conflicts(one node used by more than one signal)
      in the earlier iterations. In each iteration, it tries to  
      solve the conflicts while keeping the critical connections 
      routed as short as possible. The routing process is said to
      be completed when no conflicts exist and all connections   
      are routed.                                                
Note: NBR uses a different method to calculate timing slacks. The
      worst slack and total negative slack may not be the same as
      that in timing report. You should always run the timing    
      tool to verify your design.                                
*****************************************************************

Phase 1 Build Route Design Complete: Time (s) - CPU Time : 0.03, Real Time : 0.04  |   Memory (MB) - Peak Memory : 96.39, Gain Memory : 18.71  

Time: cpu = 00:00:00 ; elapsed : 00:00:00 . Memory (MB): peak = 96.39 ; gain = 18.71 

Phase 2 Design Checks and Routing Setup 
Phase 2 Design Checks and Routing Setup Complete: Time (s) - CPU Time : 0.00, Real Time : 0.00  |   Memory (MB) - Peak Memory : 96.42, Gain Memory : 0.00  

Time: cpu = 00:00:00 ; elapsed : 00:00:00 . Memory (MB): peak = 96.42 ; gain = 0.00 

Phase 3 Dedicated Net and Clock Routing 
Phase 3.1 Routing User Constraints 
Phase 3.1 Routing User Constraints Complete: Time (s) - CPU Time : 0.31, Real Time : 0.31  |   Memory (MB) - Peak Memory : 111.54, Gain Memory : 15.12  

Time: cpu = 00:00:00 ; elapsed : 00:00:00 . Memory (MB): peak = 111.54 ; gain = 15.12 

Phase 3.2 Dedicated Routing 
Phase 3.2 Dedicated Routing Complete: Time (s) - CPU Time : 0.00, Real Time : 0.00  |   Memory (MB) - Peak Memory : 111.54, Gain Memory : 15.70  

Time: cpu = 00:00:00 ; elapsed : 00:00:00 . Memory (MB): peak = 111.54 ; gain = 15.70 

Phase 3.3 Clock Net Routing 
Phase 3.3 Clock Net Routing Complete: Time (s) - CPU Time : 0.00, Real Time : 0.00  |   Memory (MB) - Peak Memory : 111.54, Gain Memory : 19.72  

Time: cpu = 00:00:00 ; elapsed : 00:00:00 . Memory (MB): peak = 111.54 ; gain = 19.72 

Phase 3.4 Dedicated Net and Clock Routing Finalization 
Preassignment Summary:
--------------------------------------------------------------------------------
1 global clock signals routed
109 connections routed (of 351 total) (31.05%)
---------------------------------------------------------
Clock routing summary:
Primary clocks (1 used out of 8 available):
#4  Signal "clk"
       Clock   loads: 25    out of    25 routed (100.00%)
---------------------------------------------------------
--------------------------------------------------------------------------------
Phase 3.4 Dedicated Net and Clock Routing Finalization Complete: Time (s) - CPU Time : 0.00, Real Time : 0.00  |   Memory (MB) - Peak Memory : 111.54, Gain Memory : 19.67  

Time: cpu = 00:00:00 ; elapsed : 00:00:00 . Memory (MB): peak = 111.54 ; gain = 19.67 

Total conns with timing constraints =        0
Phase 3 Dedicated Net and Clock Routing Complete: Time (s) - CPU Time : 0.36, Real Time : 0.36  |   Memory (MB) - Peak Memory : 111.54, Gain Memory : 15.12  

Time: cpu = 00:00:00 ; elapsed : 00:00:00 . Memory (MB): peak = 111.54 ; gain = 15.12 

Phase 4 Pre-Detailed Routing 
Phase 4 Pre-Detailed Routing Complete: Time (s) - CPU Time : 0.00, Real Time : 0.00  |   Memory (MB) - Peak Memory : 111.54, Gain Memory : 19.57  

Time: cpu = 00:00:00 ; elapsed : 00:00:00 . Memory (MB): peak = 111.54 ; gain = 19.57 

Phase 5 Detailed Routing 
    TimerIf::skewscore 0
Phase 5.1 Initial Detailed Routing 

Start NBR section for initial routing at 12:27:02 09/16/26
Level 4, iteration 1
+++++++++++++++++++++++++++++++++++++++++++++++++++++++++++++++++++
Routing in Serial Mode ......
+++++++++++++++++++++++++++++++++++++++++++++++++++++++++++++++++++
6(0.00%) conflicts; 0(0.00%) untouched conn; 0 (nbr) score; 
Estimated worst slack/total negative slack<setup>: 7.986ns/0.000ns; real time: 0 secs 

Info: Initial congestion level at 75.00% usage is 0
Info: Initial congestion area  at 75.00% usage is 0 (0.00%)
Phase 5.1 Initial Detailed Routing Complete: Time (s) - CPU Time : 0.34, Real Time : 0.34  |   Memory (MB) - Peak Memory : 118.68, Gain Memory : 26.71  

Time: cpu = 00:00:01 ; elapsed : 00:00:01 . Memory (MB): peak = 118.68 ; gain = 26.71 

Phase 5.2 Rip-Up and Route 

Start NBR section for normal routing at 12:27:02 09/16/26
Level 4, iteration 1
0(0.00%) conflict; 0(0.00%) untouched conn; 0 (nbr) score; 
Estimated worst slack/total negative slack<setup>: 7.325ns/0.000ns; real time: 0 secs 
Phase 5.2 Rip-Up and Route Complete: Time (s) - CPU Time : 0.00, Real Time : 0.01  |   Memory (MB) - Peak Memory : 118.69, Gain Memory : 0.01  

Time: cpu = 00:00:01 ; elapsed : 00:00:01 . Memory (MB): peak = 118.69 ; gain = 0.01 

Phase 5.3 Rip-Up and Reroute for setup timing improvement 
Phase 5.3 Rip-Up and Reroute for setup timing improvement Complete: Time (s) - CPU Time : 0.00, Real Time : 0.00  |   Memory (MB) - Peak Memory : 118.69, Gain Memory : 0.00  

Time: cpu = 00:00:01 ; elapsed : 00:00:01 . Memory (MB): peak = 118.69 ; gain = 0.00 

Phase 5.4 Rip-Up and Reroute for hold timing fix 

Start NBR section for setup/hold timing optimization with effort level 3 at 12:27:02 09/16/26
Changing speed to m;   changing temperature to -40
Changing speed to 6;   changing temperature to 100
Phase 5.4 Rip-Up and Reroute for hold timing fix Complete: Time (s) - CPU Time : 0.16, Real Time : 0.15  |   Memory (MB) - Peak Memory : 126.28, Gain Memory : 7.59  

Time: cpu = 00:00:01 ; elapsed : 00:00:01 . Memory (MB): peak = 126.28 ; gain = 7.59 

Phase 5.5 TNS CleanUp 

Start NBR section for post-routing at 12:27:02 09/16/26
Phase 5.5 TNS CleanUp Complete: Time (s) - CPU Time : 0.00, Real Time : 0.00  |   Memory (MB) - Peak Memory : 126.28, Gain Memory : 1.67  

Time: cpu = 00:00:01 ; elapsed : 00:00:01 . Memory (MB): peak = 126.28 ; gain = 1.67 

Phase 5.6 Detail Routing Finalization 

End NBR router with 0 unrouted connection(s)
Changing speed to m;   changing temperature to -40
Changing speed to 6;   changing temperature to 100

Checksum -- route: f5bb4f25dc2ad81947530ae4859ace24e5e7c190
Phase 5.6 Detail Routing Finalization Complete: Time (s) - CPU Time : 0.23, Real Time : 0.23  |   Memory (MB) - Peak Memory : 126.28, Gain Memory : 1.66  

Time: cpu = 00:00:01 ; elapsed : 00:00:01 . Memory (MB): peak = 126.28 ; gain = 1.66 


Phase 5 Detailed Routing Complete: Time (s) - CPU Time : 0.73, Real Time : 0.73  |   Memory (MB) - Peak Memory : 126.28, Gain Memory : 34.31  

Time: cpu = 00:00:01 ; elapsed : 00:00:01 . Memory (MB): peak = 126.28 ; gain = 34.31 

Phase 6 Router Finalization 
Total Router CPU time 1 secs , REAL time: 2 secs 
Completely routed.
End of route.  351 routed (100.00%); 0 unrouted.
Phase 6 Router Finalization Complete: Time (s) - CPU Time : 0.00, Real Time : 0.00  |   Memory (MB) - Peak Memory : 126.28, Gain Memory : 1.64  

Time: cpu = 00:00:01 ; elapsed : 00:00:01 . Memory (MB): peak = 126.28 ; gain = 1.64 

Ending Route Design : Time (s) - CPU Time : 1.16, Real Time : 1.18  |   Memory (MB) - Peak Memory : 126.28, Gain Memory : 48.62  

Time: cpu = 00:00:01 ; elapsed : 00:00:01 . Memory (MB): peak = 126.28 ; gain = 48.62 


 Phase Summary Table: 	
+--------------------------------------------------------+-------------+--------------+-----------------+----------------+
| Phase Name                                             | CPU Time(s) | Wall Time(s) | Peak Memory(MB) | Memory Gain(MB)|
+--------------------------------------------------------+-------------+--------------+-----------------+----------------+
| Phase 1 Build Route Design                             | 0.03        |         0.04 |           96.39 |          18.71 |
| Phase 2 Design Checks and Routing Setup                | 0.00        |         0.00 |           96.42 |           0.00 |
| Phase 3 Dedicated Net and Clock Routing                | 0.36        |         0.36 |          111.54 |          15.12 |
| Phase 3.1 Routing User Constraints                     | 0.31        |         0.31 |          111.54 |          15.12 |
| Phase 3.2 Dedicated Routing                            | 0.00        |         0.00 |          111.54 |          15.70 |
| Phase 3.3 Clock Net Routing                            | 0.00        |         0.00 |          111.54 |          19.72 |
| Phase 3.4 Dedicated Net and Clock Routing Finalization | 0.00        |         0.00 |          111.54 |          19.67 |
| Phase 4 Pre-Detailed Routing                           | 0.00        |         0.00 |          111.54 |          19.57 |
| Phase 5 Detailed Routing                               | 0.73        |         0.73 |          126.28 |          34.31 |
| Phase 5.1 Initial Detailed Routing                     | 0.34        |         0.34 |          118.68 |          26.71 |
| Phase 5.2 Rip-Up and Route                             | 0.00        |         0.01 |          118.69 |           0.01 |
| Phase 5.3 Rip-Up and Reroute for setup timing improve* | 0.00        |         0.00 |          118.69 |           0.00 |
| Phase 5.4 Rip-Up and Reroute for hold timing fix       | 0.16        |         0.15 |          126.28 |           7.59 |
| Phase 5.5 TNS CleanUp                                  | 0.00        |         0.00 |          126.28 |           1.67 |
| Phase 5.6 Detail Routing Finalization                  | 0.23        |         0.23 |          126.28 |           1.66 |
| Phase 6 Router Finalization                            | 0.00        |         0.00 |          126.28 |           1.64 |
+--------------------------------------------------------+-------------+--------------+-----------------+----------------+

Writing design to file lab2_murphy_impl_1_par.dir/5_1.udb ...


PAR_SUMMARY::Run status = Completed
PAR_SUMMARY::Number of unrouted conns = 0
PAR_SUMMARY::Estimated worst slack<setup/<ns>> = 7.822
PAR_SUMMARY::Timing score<setup/<ns>> = 0.000
PAR_SUMMARY::Estimated worst slack<hold/<ns>> = 1.743
PAR_SUMMARY::Timing score<hold/<ns>> = 0.000
PAR_SUMMARY::Number of errors = 0

Note: user must run 'timing' for timing closure signoff.

Total CPU  Time: 5 secs 
Total REAL Time: 6 secs 
Peak Memory Usage: 126.28 MB


par done!

Copyright (c) 1991-1994 by NeoCAD Inc. All rights reserved.
Copyright (c) 1995 AT&T Corp.   All rights reserved.
Copyright (c) 1995-2001 Lucent Technologies Inc.  All rights reserved.
Copyright (c) 2001 Agere Systems   All rights reserved.
Copyright (c) 2002-2026 Lattice Semiconductor Corporation,  All rights reserved.
**** CMD par_run - CPU/Elapsed: 0 secs / 6 secs , MEM/Increased: 59.568 Mb/ 0.213 Mb, DATE: 12:27:03 09/16/26
Thank you for using Radiant. Total CPU/Elapsed time: 0 secs /6 secs 

timing -sethld -v 10 -u 10 -endpoints 10 -nperend 1 -sp High-Performance_1.2V -hsp m   -pwrprd -html -rpt "lab2_murphy_impl_1.twr" "lab2_murphy_impl_1.udb" 
timing -sethld -v 10 -u 10 -endpoints 10 -nperend 1 -sp High-Performance_1.2V -hsp m -pwrprd -html -rpt lab2_murphy_impl_1.twr lab2_murphy_impl_1.udb -gui -msgset C:/Users/hmurphy/Downloads/E155/lab2_murphy/promote.xml
Starting design reading...
Loading device for application GENERIC from file 'itpa08.nph' in environment: C:/lscc/radiant/2026.1/ispfpga.
Package Status:                     Preliminary    Version 1.5.
Performance Hardware Data Status:   Advanced       Version 1.0.
Loading udb::Database ...
Design:  lab2_hm
Family:  iCE40UP
Device:  iCE40UP5K
Package: SG48
Performance Grade:   High-Performance_1.2V



Successfully loading udb, 0.03 seconds

Initializing timer
Starting design annotation....

Starting full timing analysis...
Performance Hardware Data Status:   Advanced       Version 1.0.
Connections ignored  25  counted  331  covered  239
Changing speed to m;   changing temperature to -40

STA Runtime and Peak Memory Usage :
Total CPU Time: 0 secs 
Total REAL Time: 0 secs 
Peak Memory Usage: 100 MB

 0.614542s wall, 0.546875s user + 0.062500s system = 0.609375s CPU (99.2%)


tmcheck -par "lab2_murphy_impl_1.par"  

pnmainc -log pnmain "lab2_murphy_impl_1_bit.tcl"
Loading lab2_murphy_impl_1.udb ...
Loading device for application GENERIC from file 'itpa08.nph' in environment: C:/lscc/radiant/2026.1/ispfpga.
Package Status:                     Preliminary    Version 1.5.
Successfully read the udb in 0.00 s.

Performance Hardware Data Status:   Advanced       Version 1.0.



Design:  lab2_hm
Family:  iCE40UP
Device:  iCE40UP5K
Package: SG48
Performance Grade:   High-Performance_1.2V

Constraint Summary
   Total number of constraints: 31
   Total number of constraints dropped: 0

Successfully loaded device info and constraints in 0.00 s.

Successfully loading design udb and device data from disks and to up-layer in CPU time: 0 secs , REAL time: 0 secs 



BITGEN: Bitstream Generator Radiant Software (64-bit) 2026.1.0.37.0
Copyright (c) 1991-1994 by NeoCAD Inc. All rights reserved.
Copyright (c) 1995 AT&T Corp.   All rights reserved.
Copyright (c) 1995-2001 Lucent Technologies Inc.  All rights reserved.
Copyright (c) 2001 Agere Systems   All rights reserved.
Copyright (c) 2002-2026 Lattice Semiconductor Corporation,  All rights reserved.


Running DRC.
DRC detected 0 errors and 0 warnings.

Preference Summary:
+---------------------------------+---------------------------------+
|  Preference                     |  Current Setting                |
+---------------------------------+---------------------------------+
 *  Default setting.
 ** The specified setting matches the default setting.


Creating bit map...
Saving bit stream in "C:/Users/hmurphy/Downloads/E155/lab2_murphy/impl_1/lab2_murphy_impl_1.bin".
Bitstream generation complete!

Total CPU Time: 0 secs 
Total REAL Time: 0 secs 
Peak Memory Usage: 117 MB

**** CMD bit_generate - CPU/Elapsed: 0 secs / 0 secs , MEM/Increased: 59.711 Mb/ 0.197 Mb, DATE: 12:27:04 09/16/26
Thank you for using Radiant. Total CPU/Elapsed time: 0 secs /0 secs 
