Lattice Timing Report -  Setup  and Hold, Version Radiant Software (64-bit) 2026.1.0.37.0

Wed Sep 16 12:27:03 2026

Copyright (c) 1991-1994 by NeoCAD Inc. All rights reserved.
Copyright (c) 1995 AT&T Corp.   All rights reserved.
Copyright (c) 1995-2001 Lucent Technologies Inc.  All rights reserved.
Copyright (c) 2001 Agere Systems   All rights reserved.
Copyright (c) 2002-2026 Lattice Semiconductor Corporation,  All rights reserved.

Command line:    timing -sethld -v 10 -u 10 -endpoints 10 -nperend 1 -sp High-Performance_1.2V -hsp m -pwrprd -html -rpt lab2_murphy_impl_1.twr lab2_murphy_impl_1.udb -gui -msgset C:/Users/hmurphy/Downloads/E155/lab2_murphy/promote.xml

-----------------------------------------
Design:          lab2_hm
Family:          iCE40UP
Device:          iCE40UP5K
Package:         SG48
Performance:     High-Performance_1.2V
Package Status:                     Preliminary    Version 1.5
**Performance Hardware Data Status :   Advanced Version 1.0
-----------------------------------------


=====================================================================
                    Table of Contents
=====================================================================
    1  Timing Overview
        1.1  SDC Constraints
        1.2  Constraint Coverage
        1.3  Overall Summary
        1.4  Unconstrained Report
        1.5  Combinational Loop
    2  Setup at Speed Grade High-Performance_1.2V Corner at 100 Degrees
        2.1  Clock Summary
        2.2  Endpoint slacks
        2.3  Detailed Report
    3  Hold at Speed Grade m Corner at -40 Degrees
        3.1  Endpoint slacks
        3.2  Detailed Report

=====================================================================
                    End of Table of Contents
=====================================================================

==============================================
1  Timing Overview
==============================================

1.1  SDC Constraints
=====================
create_clock -name {clk} -period 20.8333 [get_pins {hf_osc/CLKHF }] 

1.2  Constraint Coverage
---------------------------
Constraint Coverage: 72.2054%


1.3  Overall Summary
---------------------------
 Setup at Speed Grade High-Performance_1.2V Corner at 100 Degrees     Timing Errors: 0 endpoints;  Total Negative Slack: 0.000 ns 
 Hold at Speed Grade m Corner at -40 Degrees                          Timing Errors: 0 endpoints;  Total Negative Slack: 0.000 ns 

1.4  Unconstrained Report
===========================

1.4.1  Unconstrained Start/End Points
--------------------------------------

Clocked but unconstrained timing start points
--------------------------------------------------
There is no start point satisfying reporting criteria


Clocked but unconstrained timing end points
-------------------------------------------------------------------
          Listing 4 End Points          |           Type           
-------------------------------------------------------------------
{u_scan_counter/state_FSM_i1/SR   u_scan_counter/state_FSM_i0/SR}                           
                                        |           No arrival time
u_display_scan/select/SR                |           No arrival time
u_scan_counter/state_FSM_i2/SR          |           No arrival time
u_scan_counter/state_FSM_i3/SR          |           No arrival time
-------------------------------------------------------------------
                                        |                          
Number of unconstrained timing end poin |                          
ts                                      |                         4
                                        |                          
-------------------------------------------------------------------

1.4.2  Start/End Points Without Timing Constraints
---------------------------------------------------

I/O ports without constraint
----------------------------
Possible constraints to use on I/O ports are:
set_input_delay,
set_output_delay,
set_max_delay,
create_clock,
create_generated_clock,
...

-------------------------------------------------------------------
     Listing 10 Start or End Points     |           Type           
-------------------------------------------------------------------
reset                                   |                     input
s0[3]                                   |                     input
s0[2]                                   |                     input
s0[1]                                   |                     input
s0[0]                                   |                     input
s1[3]                                   |                     input
s1[2]                                   |                     input
s1[1]                                   |                     input
s1[0]                                   |                     input
cols[3]                                 |                     input
-------------------------------------------------------------------
                                        |                          
Number of I/O ports without constraint  |                        30
                                        |                          
-------------------------------------------------------------------

Nets without clock definition
Define a clock on a top level port or a generated clock on a clock divider pin associated with this net(s).
--------------------------------------------------
There is no instance satisfying reporting criteria



1.5  Combinational Loop
========================
None

===============================================================
2  Setup at Speed Grade High-Performance_1.2V Corner at 100 Degrees
===============================================================

2.1  Clock Summary
=======================

2.1.1 Clock "clk"
=======================
create_clock -name {clk} -period 20.8333 [get_pins {hf_osc/CLKHF }] 

Single Clock Domain
-------------------------------------------------------------------------------------------------------
               Clock clk                |                    |       Period       |     Frequency      
-------------------------------------------------------------------------------------------------------
 From clk                               |             Target |          20.833 ns |         48.000 MHz 
                                        | Actual (all paths) |          20.792 ns |         48.095 MHz 
hf_osc/CLKHF (MPW)                      |   (50% duty cycle) |          20.792 ns |         48.095 MHz 
-------------------------------------------------------------------------------------------------------

Clock Domain Crossing

2.2  Endpoint slacks
=======================
-------------------------------------------------------
          Listing 10 End Points          |    Slack    
-------------------------------------------------------
{u_scan_counter/count_50__i15/SR   u_scan_counter/count_50__i16/SR}              
                                         |    7.325 ns 
{u_scan_counter/count_50__i17/SR   u_scan_counter/count_50__i18/SR}              
                                         |    7.325 ns 
{u_scan_counter/count_50__i19/SR   u_scan_counter/count_50__i20/SR}              
                                         |    7.325 ns 
{u_scan_counter/count_50__i21/SR   u_scan_counter/count_50__i22/SR}              
                                         |    7.325 ns 
{u_scan_counter/count_50__i7/SR   u_scan_counter/count_50__i8/SR}              
                                         |    7.840 ns 
{u_scan_counter/count_50__i9/SR   u_scan_counter/count_50__i10/SR}              
                                         |    7.840 ns 
{u_scan_counter/count_50__i11/SR   u_scan_counter/count_50__i12/SR}              
                                         |    7.840 ns 
{u_scan_counter/count_50__i13/SR   u_scan_counter/count_50__i14/SR}              
                                         |    7.840 ns 
u_scan_counter/count_50__i23/SR          |    7.840 ns 
{u_scan_counter/count_50__i5/SR   u_scan_counter/count_50__i6/SR}              
                                         |    7.919 ns 
-------------------------------------------------------
                                         |             
Setup # of endpoints with negative slack:|           0 
                                         |             
-------------------------------------------------------

2.3  Detailed Report
=======================


XXXXXXXXXXXXXXXXXXXXXXXXXXXXXXXXXXXXXXXXXXXXXXXXXXXXXXXXXX

Detail report of critical paths

XXXXXXXXXXXXXXXXXXXXXXXXXXXXXXXXXXXXXXXXXXXXXXXXXXXXXXXXXX

+++++++++++++++++++++++++++++++++++++++++++++++++++++++++++++++++++++ 
                    Detailed Report for timing paths 
+++++++++++++++++++++++++++++++++++++++++++++++++++++++++++++++++++++ 

++++ Path 1 ++++++++++++++++++++++++++++++++++++++++++++++++++++++++++ 

Path Begin       : u_scan_counter/count_50__i23/Q  (SLICE_R17C9A)
Path End         : {u_scan_counter/count_50__i15/SR   u_scan_counter/count_50__i16/SR}  (SLICE_R17C8A)
Source Clock     : clk (R)
Destination Clock: clk (R)
Logic Level      : 5
Delay Ratio      : 75.1% (route), 24.9% (logic)
Clock Skew       : 0.000 ns 
Setup Constraint : 20.833 ns 
Path Slack       : 7.325 ns  (Passed)


Source Clock Path
Name                                      Cell/Site Name     Delay Name       Incr      Arrival/Required Time  Fanout  
----------------------------------------  -----------------  ---------------  --------  ---------------------  ------  
hf_osc/CLKHF                              HFOSC_HFOSC_R1C32  CLOCK LATENCY       0.000                  0.000  26      
u_display_scan/clk                                           NET DELAY           5.499                  5.499  26      
u_scan_counter/count_50__i23/CK                              CLOCK PIN           0.000                  5.499  1       


Data Path
Name                                      Cell/Site Name     Delay Name       Incr      Arrival/Required Time  Fanout  
----------------------------------------  -----------------  ---------------  --------  ---------------------  ------  
u_scan_counter/count_50__i23/CK->u_scan_counter/count_50__i23/Q
                                          SLICE_R17C9A       CLK_TO_Q0_DELAY     1.388                  6.887  2       
u_scan_counter/count[23]                                     NET DELAY           2.736                  9.623  2       
u_scan_counter/i517_4_lut/C->u_scan_counter/i517_4_lut/Z
                                          SLICE_R18C8A       A0_TO_F0_DELAY      0.449                 10.072  1       
u_scan_counter/n668                                          NET DELAY           2.551                 12.623  1       
u_scan_counter/i541_4_lut/A->u_scan_counter/i541_4_lut/Z
                                          SLICE_R18C7A       A1_TO_F1_DELAY      0.476                 13.099  1       
u_scan_counter/n692                                          NET DELAY           0.304                 13.403  1       
u_scan_counter/i4_4_lut/C->u_scan_counter/i4_4_lut/Z
                                          SLICE_R18C7B       C0_TO_F0_DELAY      0.476                 13.879  1       
u_scan_counter/n12                                           NET DELAY           0.304                 14.183  1       
u_scan_counter/i674_4_lut/D->u_scan_counter/i674_4_lut/Z
                                          SLICE_R18C7B       C1_TO_F1_DELAY      0.449                 14.632  16      
u_scan_counter/n87                                           NET DELAY           3.846                 18.478  16      
{u_scan_counter/count_50__i15/SR   u_scan_counter/count_50__i16/SR}
                                                             ENDPOINT            0.000                 18.478  1       


Destination Clock Path
Name                                      Cell/Site Name     Delay Name       Incr      Arrival/Required Time  Fanout  
----------------------------------------  -----------------  ---------------  --------  ---------------------  ------  
                                                             CONSTRAINT          0.000                 20.833  1       
hf_osc/CLKHF                              HFOSC_HFOSC_R1C32  CLOCK LATENCY       0.000                 20.833  26      
u_display_scan/clk                                           NET DELAY           5.499                 26.332  26      
{u_scan_counter/count_50__i15/CK   u_scan_counter/count_50__i16/CK}
                                                             CLOCK PIN           0.000                 26.332  1       
                                                             Uncertainty      -(0.000)                 26.332  
                                                             Setup time       -(0.529)                 25.803  
----------------------------------------  -----------------  ---------------  --------  ---------------------  ------  
Required Time                                                                                          25.803  
Arrival Time                                                                                        -(18.477)  
----------------------------------------  -----------------  ---------------  --------  ---------------------  ------  
Path Slack  (Passed)                                                                                    7.325  




++++ Path 2 ++++++++++++++++++++++++++++++++++++++++++++++++++++++++++ 

Path Begin       : u_scan_counter/count_50__i23/Q  (SLICE_R17C9A)
Path End         : {u_scan_counter/count_50__i17/SR   u_scan_counter/count_50__i18/SR}  (SLICE_R17C8B)
Source Clock     : clk (R)
Destination Clock: clk (R)
Logic Level      : 5
Delay Ratio      : 75.1% (route), 24.9% (logic)
Clock Skew       : 0.000 ns 
Setup Constraint : 20.833 ns 
Path Slack       : 7.325 ns  (Passed)


Source Clock Path
Name                                      Cell/Site Name     Delay Name       Incr      Arrival/Required Time  Fanout  
----------------------------------------  -----------------  ---------------  --------  ---------------------  ------  
hf_osc/CLKHF                              HFOSC_HFOSC_R1C32  CLOCK LATENCY       0.000                  0.000  26      
u_display_scan/clk                                           NET DELAY           5.499                  5.499  26      
u_scan_counter/count_50__i23/CK                              CLOCK PIN           0.000                  5.499  1       


Data Path
Name                                      Cell/Site Name     Delay Name       Incr      Arrival/Required Time  Fanout  
----------------------------------------  -----------------  ---------------  --------  ---------------------  ------  
u_scan_counter/count_50__i23/CK->u_scan_counter/count_50__i23/Q
                                          SLICE_R17C9A       CLK_TO_Q0_DELAY     1.388                  6.887  2       
u_scan_counter/count[23]                                     NET DELAY           2.736                  9.623  2       
u_scan_counter/i517_4_lut/C->u_scan_counter/i517_4_lut/Z
                                          SLICE_R18C8A       A0_TO_F0_DELAY      0.449                 10.072  1       
u_scan_counter/n668                                          NET DELAY           2.551                 12.623  1       
u_scan_counter/i541_4_lut/A->u_scan_counter/i541_4_lut/Z
                                          SLICE_R18C7A       A1_TO_F1_DELAY      0.476                 13.099  1       
u_scan_counter/n692                                          NET DELAY           0.304                 13.403  1       
u_scan_counter/i4_4_lut/C->u_scan_counter/i4_4_lut/Z
                                          SLICE_R18C7B       C0_TO_F0_DELAY      0.476                 13.879  1       
u_scan_counter/n12                                           NET DELAY           0.304                 14.183  1       
u_scan_counter/i674_4_lut/D->u_scan_counter/i674_4_lut/Z
                                          SLICE_R18C7B       C1_TO_F1_DELAY      0.449                 14.632  16      
u_scan_counter/n87                                           NET DELAY           3.846                 18.478  16      
{u_scan_counter/count_50__i17/SR   u_scan_counter/count_50__i18/SR}
                                                             ENDPOINT            0.000                 18.478  1       


Destination Clock Path
Name                                      Cell/Site Name     Delay Name       Incr      Arrival/Required Time  Fanout  
----------------------------------------  -----------------  ---------------  --------  ---------------------  ------  
                                                             CONSTRAINT          0.000                 20.833  1       
hf_osc/CLKHF                              HFOSC_HFOSC_R1C32  CLOCK LATENCY       0.000                 20.833  26      
u_display_scan/clk                                           NET DELAY           5.499                 26.332  26      
{u_scan_counter/count_50__i17/CK   u_scan_counter/count_50__i18/CK}
                                                             CLOCK PIN           0.000                 26.332  1       
                                                             Uncertainty      -(0.000)                 26.332  
                                                             Setup time       -(0.529)                 25.803  
----------------------------------------  -----------------  ---------------  --------  ---------------------  ------  
Required Time                                                                                          25.803  
Arrival Time                                                                                        -(18.477)  
----------------------------------------  -----------------  ---------------  --------  ---------------------  ------  
Path Slack  (Passed)                                                                                    7.325  




++++ Path 3 ++++++++++++++++++++++++++++++++++++++++++++++++++++++++++ 

Path Begin       : u_scan_counter/count_50__i23/Q  (SLICE_R17C9A)
Path End         : {u_scan_counter/count_50__i19/SR   u_scan_counter/count_50__i20/SR}  (SLICE_R17C8C)
Source Clock     : clk (R)
Destination Clock: clk (R)
Logic Level      : 5
Delay Ratio      : 75.1% (route), 24.9% (logic)
Clock Skew       : 0.000 ns 
Setup Constraint : 20.833 ns 
Path Slack       : 7.325 ns  (Passed)


Source Clock Path
Name                                      Cell/Site Name     Delay Name       Incr      Arrival/Required Time  Fanout  
----------------------------------------  -----------------  ---------------  --------  ---------------------  ------  
hf_osc/CLKHF                              HFOSC_HFOSC_R1C32  CLOCK LATENCY       0.000                  0.000  26      
u_display_scan/clk                                           NET DELAY           5.499                  5.499  26      
u_scan_counter/count_50__i23/CK                              CLOCK PIN           0.000                  5.499  1       


Data Path
Name                                      Cell/Site Name     Delay Name       Incr      Arrival/Required Time  Fanout  
----------------------------------------  -----------------  ---------------  --------  ---------------------  ------  
u_scan_counter/count_50__i23/CK->u_scan_counter/count_50__i23/Q
                                          SLICE_R17C9A       CLK_TO_Q0_DELAY     1.388                  6.887  2       
u_scan_counter/count[23]                                     NET DELAY           2.736                  9.623  2       
u_scan_counter/i517_4_lut/C->u_scan_counter/i517_4_lut/Z
                                          SLICE_R18C8A       A0_TO_F0_DELAY      0.449                 10.072  1       
u_scan_counter/n668                                          NET DELAY           2.551                 12.623  1       
u_scan_counter/i541_4_lut/A->u_scan_counter/i541_4_lut/Z
                                          SLICE_R18C7A       A1_TO_F1_DELAY      0.476                 13.099  1       
u_scan_counter/n692                                          NET DELAY           0.304                 13.403  1       
u_scan_counter/i4_4_lut/C->u_scan_counter/i4_4_lut/Z
                                          SLICE_R18C7B       C0_TO_F0_DELAY      0.476                 13.879  1       
u_scan_counter/n12                                           NET DELAY           0.304                 14.183  1       
u_scan_counter/i674_4_lut/D->u_scan_counter/i674_4_lut/Z
                                          SLICE_R18C7B       C1_TO_F1_DELAY      0.449                 14.632  16      
u_scan_counter/n87                                           NET DELAY           3.846                 18.478  16      
{u_scan_counter/count_50__i19/SR   u_scan_counter/count_50__i20/SR}
                                                             ENDPOINT            0.000                 18.478  1       


Destination Clock Path
Name                                      Cell/Site Name     Delay Name       Incr      Arrival/Required Time  Fanout  
----------------------------------------  -----------------  ---------------  --------  ---------------------  ------  
                                                             CONSTRAINT          0.000                 20.833  1       
hf_osc/CLKHF                              HFOSC_HFOSC_R1C32  CLOCK LATENCY       0.000                 20.833  26      
u_display_scan/clk                                           NET DELAY           5.499                 26.332  26      
{u_scan_counter/count_50__i19/CK   u_scan_counter/count_50__i20/CK}
                                                             CLOCK PIN           0.000                 26.332  1       
                                                             Uncertainty      -(0.000)                 26.332  
                                                             Setup time       -(0.529)                 25.803  
----------------------------------------  -----------------  ---------------  --------  ---------------------  ------  
Required Time                                                                                          25.803  
Arrival Time                                                                                        -(18.477)  
----------------------------------------  -----------------  ---------------  --------  ---------------------  ------  
Path Slack  (Passed)                                                                                    7.325  




++++ Path 4 ++++++++++++++++++++++++++++++++++++++++++++++++++++++++++ 

Path Begin       : u_scan_counter/count_50__i23/Q  (SLICE_R17C9A)
Path End         : {u_scan_counter/count_50__i21/SR   u_scan_counter/count_50__i22/SR}  (SLICE_R17C8D)
Source Clock     : clk (R)
Destination Clock: clk (R)
Logic Level      : 5
Delay Ratio      : 75.1% (route), 24.9% (logic)
Clock Skew       : 0.000 ns 
Setup Constraint : 20.833 ns 
Path Slack       : 7.325 ns  (Passed)


Source Clock Path
Name                                      Cell/Site Name     Delay Name       Incr      Arrival/Required Time  Fanout  
----------------------------------------  -----------------  ---------------  --------  ---------------------  ------  
hf_osc/CLKHF                              HFOSC_HFOSC_R1C32  CLOCK LATENCY       0.000                  0.000  26      
u_display_scan/clk                                           NET DELAY           5.499                  5.499  26      
u_scan_counter/count_50__i23/CK                              CLOCK PIN           0.000                  5.499  1       


Data Path
Name                                      Cell/Site Name     Delay Name       Incr      Arrival/Required Time  Fanout  
----------------------------------------  -----------------  ---------------  --------  ---------------------  ------  
u_scan_counter/count_50__i23/CK->u_scan_counter/count_50__i23/Q
                                          SLICE_R17C9A       CLK_TO_Q0_DELAY     1.388                  6.887  2       
u_scan_counter/count[23]                                     NET DELAY           2.736                  9.623  2       
u_scan_counter/i517_4_lut/C->u_scan_counter/i517_4_lut/Z
                                          SLICE_R18C8A       A0_TO_F0_DELAY      0.449                 10.072  1       
u_scan_counter/n668                                          NET DELAY           2.551                 12.623  1       
u_scan_counter/i541_4_lut/A->u_scan_counter/i541_4_lut/Z
                                          SLICE_R18C7A       A1_TO_F1_DELAY      0.476                 13.099  1       
u_scan_counter/n692                                          NET DELAY           0.304                 13.403  1       
u_scan_counter/i4_4_lut/C->u_scan_counter/i4_4_lut/Z
                                          SLICE_R18C7B       C0_TO_F0_DELAY      0.476                 13.879  1       
u_scan_counter/n12                                           NET DELAY           0.304                 14.183  1       
u_scan_counter/i674_4_lut/D->u_scan_counter/i674_4_lut/Z
                                          SLICE_R18C7B       C1_TO_F1_DELAY      0.449                 14.632  16      
u_scan_counter/n87                                           NET DELAY           3.846                 18.478  16      
{u_scan_counter/count_50__i21/SR   u_scan_counter/count_50__i22/SR}
                                                             ENDPOINT            0.000                 18.478  1       


Destination Clock Path
Name                                      Cell/Site Name     Delay Name       Incr      Arrival/Required Time  Fanout  
----------------------------------------  -----------------  ---------------  --------  ---------------------  ------  
                                                             CONSTRAINT          0.000                 20.833  1       
hf_osc/CLKHF                              HFOSC_HFOSC_R1C32  CLOCK LATENCY       0.000                 20.833  26      
u_display_scan/clk                                           NET DELAY           5.499                 26.332  26      
{u_scan_counter/count_50__i21/CK   u_scan_counter/count_50__i22/CK}
                                                             CLOCK PIN           0.000                 26.332  1       
                                                             Uncertainty      -(0.000)                 26.332  
                                                             Setup time       -(0.529)                 25.803  
----------------------------------------  -----------------  ---------------  --------  ---------------------  ------  
Required Time                                                                                          25.803  
Arrival Time                                                                                        -(18.477)  
----------------------------------------  -----------------  ---------------  --------  ---------------------  ------  
Path Slack  (Passed)                                                                                    7.325  




++++ Path 5 ++++++++++++++++++++++++++++++++++++++++++++++++++++++++++ 

Path Begin       : u_scan_counter/count_50__i23/Q  (SLICE_R17C9A)
Path End         : {u_scan_counter/count_50__i7/SR   u_scan_counter/count_50__i8/SR}  (SLICE_R17C7A)
Source Clock     : clk (R)
Destination Clock: clk (R)
Logic Level      : 5
Delay Ratio      : 74.0% (route), 26.0% (logic)
Clock Skew       : 0.000 ns 
Setup Constraint : 20.833 ns 
Path Slack       : 7.840 ns  (Passed)


Source Clock Path
Name                                      Cell/Site Name     Delay Name       Incr      Arrival/Required Time  Fanout  
----------------------------------------  -----------------  ---------------  --------  ---------------------  ------  
hf_osc/CLKHF                              HFOSC_HFOSC_R1C32  CLOCK LATENCY       0.000                  0.000  26      
u_display_scan/clk                                           NET DELAY           5.499                  5.499  26      
u_scan_counter/count_50__i23/CK                              CLOCK PIN           0.000                  5.499  1       


Data Path
Name                                      Cell/Site Name     Delay Name       Incr      Arrival/Required Time  Fanout  
----------------------------------------  -----------------  ---------------  --------  ---------------------  ------  
u_scan_counter/count_50__i23/CK->u_scan_counter/count_50__i23/Q
                                          SLICE_R17C9A       CLK_TO_Q0_DELAY     1.388                  6.887  2       
u_scan_counter/count[23]                                     NET DELAY           2.736                  9.623  2       
u_scan_counter/i517_4_lut/C->u_scan_counter/i517_4_lut/Z
                                          SLICE_R18C8A       A0_TO_F0_DELAY      0.449                 10.072  1       
u_scan_counter/n668                                          NET DELAY           2.551                 12.623  1       
u_scan_counter/i541_4_lut/A->u_scan_counter/i541_4_lut/Z
                                          SLICE_R18C7A       A1_TO_F1_DELAY      0.476                 13.099  1       
u_scan_counter/n692                                          NET DELAY           0.304                 13.403  1       
u_scan_counter/i4_4_lut/C->u_scan_counter/i4_4_lut/Z
                                          SLICE_R18C7B       C0_TO_F0_DELAY      0.476                 13.879  1       
u_scan_counter/n12                                           NET DELAY           0.304                 14.183  1       
u_scan_counter/i674_4_lut/D->u_scan_counter/i674_4_lut/Z
                                          SLICE_R18C7B       C1_TO_F1_DELAY      0.449                 14.632  16      
u_scan_counter/n87                                           NET DELAY           3.331                 17.963  16      
{u_scan_counter/count_50__i7/SR   u_scan_counter/count_50__i8/SR}
                                                             ENDPOINT            0.000                 17.963  1       


Destination Clock Path
Name                                      Cell/Site Name     Delay Name       Incr      Arrival/Required Time  Fanout  
----------------------------------------  -----------------  ---------------  --------  ---------------------  ------  
                                                             CONSTRAINT          0.000                 20.833  1       
hf_osc/CLKHF                              HFOSC_HFOSC_R1C32  CLOCK LATENCY       0.000                 20.833  26      
u_display_scan/clk                                           NET DELAY           5.499                 26.332  26      
{u_scan_counter/count_50__i7/CK   u_scan_counter/count_50__i8/CK}
                                                             CLOCK PIN           0.000                 26.332  1       
                                                             Uncertainty      -(0.000)                 26.332  
                                                             Setup time       -(0.529)                 25.803  
----------------------------------------  -----------------  ---------------  --------  ---------------------  ------  
Required Time                                                                                          25.803  
Arrival Time                                                                                        -(17.962)  
----------------------------------------  -----------------  ---------------  --------  ---------------------  ------  
Path Slack  (Passed)                                                                                    7.840  




++++ Path 6 ++++++++++++++++++++++++++++++++++++++++++++++++++++++++++ 

Path Begin       : u_scan_counter/count_50__i23/Q  (SLICE_R17C9A)
Path End         : {u_scan_counter/count_50__i9/SR   u_scan_counter/count_50__i10/SR}  (SLICE_R17C7B)
Source Clock     : clk (R)
Destination Clock: clk (R)
Logic Level      : 5
Delay Ratio      : 74.0% (route), 26.0% (logic)
Clock Skew       : 0.000 ns 
Setup Constraint : 20.833 ns 
Path Slack       : 7.840 ns  (Passed)


Source Clock Path
Name                                      Cell/Site Name     Delay Name       Incr      Arrival/Required Time  Fanout  
----------------------------------------  -----------------  ---------------  --------  ---------------------  ------  
hf_osc/CLKHF                              HFOSC_HFOSC_R1C32  CLOCK LATENCY       0.000                  0.000  26      
u_display_scan/clk                                           NET DELAY           5.499                  5.499  26      
u_scan_counter/count_50__i23/CK                              CLOCK PIN           0.000                  5.499  1       


Data Path
Name                                      Cell/Site Name     Delay Name       Incr      Arrival/Required Time  Fanout  
----------------------------------------  -----------------  ---------------  --------  ---------------------  ------  
u_scan_counter/count_50__i23/CK->u_scan_counter/count_50__i23/Q
                                          SLICE_R17C9A       CLK_TO_Q0_DELAY     1.388                  6.887  2       
u_scan_counter/count[23]                                     NET DELAY           2.736                  9.623  2       
u_scan_counter/i517_4_lut/C->u_scan_counter/i517_4_lut/Z
                                          SLICE_R18C8A       A0_TO_F0_DELAY      0.449                 10.072  1       
u_scan_counter/n668                                          NET DELAY           2.551                 12.623  1       
u_scan_counter/i541_4_lut/A->u_scan_counter/i541_4_lut/Z
                                          SLICE_R18C7A       A1_TO_F1_DELAY      0.476                 13.099  1       
u_scan_counter/n692                                          NET DELAY           0.304                 13.403  1       
u_scan_counter/i4_4_lut/C->u_scan_counter/i4_4_lut/Z
                                          SLICE_R18C7B       C0_TO_F0_DELAY      0.476                 13.879  1       
u_scan_counter/n12                                           NET DELAY           0.304                 14.183  1       
u_scan_counter/i674_4_lut/D->u_scan_counter/i674_4_lut/Z
                                          SLICE_R18C7B       C1_TO_F1_DELAY      0.449                 14.632  16      
u_scan_counter/n87                                           NET DELAY           3.331                 17.963  16      
{u_scan_counter/count_50__i9/SR   u_scan_counter/count_50__i10/SR}
                                                             ENDPOINT            0.000                 17.963  1       


Destination Clock Path
Name                                      Cell/Site Name     Delay Name       Incr      Arrival/Required Time  Fanout  
----------------------------------------  -----------------  ---------------  --------  ---------------------  ------  
                                                             CONSTRAINT          0.000                 20.833  1       
hf_osc/CLKHF                              HFOSC_HFOSC_R1C32  CLOCK LATENCY       0.000                 20.833  26      
u_display_scan/clk                                           NET DELAY           5.499                 26.332  26      
{u_scan_counter/count_50__i9/CK   u_scan_counter/count_50__i10/CK}
                                                             CLOCK PIN           0.000                 26.332  1       
                                                             Uncertainty      -(0.000)                 26.332  
                                                             Setup time       -(0.529)                 25.803  
----------------------------------------  -----------------  ---------------  --------  ---------------------  ------  
Required Time                                                                                          25.803  
Arrival Time                                                                                        -(17.962)  
----------------------------------------  -----------------  ---------------  --------  ---------------------  ------  
Path Slack  (Passed)                                                                                    7.840  




++++ Path 7 ++++++++++++++++++++++++++++++++++++++++++++++++++++++++++ 

Path Begin       : u_scan_counter/count_50__i23/Q  (SLICE_R17C9A)
Path End         : {u_scan_counter/count_50__i11/SR   u_scan_counter/count_50__i12/SR}  (SLICE_R17C7C)
Source Clock     : clk (R)
Destination Clock: clk (R)
Logic Level      : 5
Delay Ratio      : 74.0% (route), 26.0% (logic)
Clock Skew       : 0.000 ns 
Setup Constraint : 20.833 ns 
Path Slack       : 7.840 ns  (Passed)


Source Clock Path
Name                                      Cell/Site Name     Delay Name       Incr      Arrival/Required Time  Fanout  
----------------------------------------  -----------------  ---------------  --------  ---------------------  ------  
hf_osc/CLKHF                              HFOSC_HFOSC_R1C32  CLOCK LATENCY       0.000                  0.000  26      
u_display_scan/clk                                           NET DELAY           5.499                  5.499  26      
u_scan_counter/count_50__i23/CK                              CLOCK PIN           0.000                  5.499  1       


Data Path
Name                                      Cell/Site Name     Delay Name       Incr      Arrival/Required Time  Fanout  
----------------------------------------  -----------------  ---------------  --------  ---------------------  ------  
u_scan_counter/count_50__i23/CK->u_scan_counter/count_50__i23/Q
                                          SLICE_R17C9A       CLK_TO_Q0_DELAY     1.388                  6.887  2       
u_scan_counter/count[23]                                     NET DELAY           2.736                  9.623  2       
u_scan_counter/i517_4_lut/C->u_scan_counter/i517_4_lut/Z
                                          SLICE_R18C8A       A0_TO_F0_DELAY      0.449                 10.072  1       
u_scan_counter/n668                                          NET DELAY           2.551                 12.623  1       
u_scan_counter/i541_4_lut/A->u_scan_counter/i541_4_lut/Z
                                          SLICE_R18C7A       A1_TO_F1_DELAY      0.476                 13.099  1       
u_scan_counter/n692                                          NET DELAY           0.304                 13.403  1       
u_scan_counter/i4_4_lut/C->u_scan_counter/i4_4_lut/Z
                                          SLICE_R18C7B       C0_TO_F0_DELAY      0.476                 13.879  1       
u_scan_counter/n12                                           NET DELAY           0.304                 14.183  1       
u_scan_counter/i674_4_lut/D->u_scan_counter/i674_4_lut/Z
                                          SLICE_R18C7B       C1_TO_F1_DELAY      0.449                 14.632  16      
u_scan_counter/n87                                           NET DELAY           3.331                 17.963  16      
{u_scan_counter/count_50__i11/SR   u_scan_counter/count_50__i12/SR}
                                                             ENDPOINT            0.000                 17.963  1       


Destination Clock Path
Name                                      Cell/Site Name     Delay Name       Incr      Arrival/Required Time  Fanout  
----------------------------------------  -----------------  ---------------  --------  ---------------------  ------  
                                                             CONSTRAINT          0.000                 20.833  1       
hf_osc/CLKHF                              HFOSC_HFOSC_R1C32  CLOCK LATENCY       0.000                 20.833  26      
u_display_scan/clk                                           NET DELAY           5.499                 26.332  26      
{u_scan_counter/count_50__i11/CK   u_scan_counter/count_50__i12/CK}
                                                             CLOCK PIN           0.000                 26.332  1       
                                                             Uncertainty      -(0.000)                 26.332  
                                                             Setup time       -(0.529)                 25.803  
----------------------------------------  -----------------  ---------------  --------  ---------------------  ------  
Required Time                                                                                          25.803  
Arrival Time                                                                                        -(17.962)  
----------------------------------------  -----------------  ---------------  --------  ---------------------  ------  
Path Slack  (Passed)                                                                                    7.840  




++++ Path 8 ++++++++++++++++++++++++++++++++++++++++++++++++++++++++++ 

Path Begin       : u_scan_counter/count_50__i23/Q  (SLICE_R17C9A)
Path End         : {u_scan_counter/count_50__i13/SR   u_scan_counter/count_50__i14/SR}  (SLICE_R17C7D)
Source Clock     : clk (R)
Destination Clock: clk (R)
Logic Level      : 5
Delay Ratio      : 74.0% (route), 26.0% (logic)
Clock Skew       : 0.000 ns 
Setup Constraint : 20.833 ns 
Path Slack       : 7.840 ns  (Passed)


Source Clock Path
Name                                      Cell/Site Name     Delay Name       Incr      Arrival/Required Time  Fanout  
----------------------------------------  -----------------  ---------------  --------  ---------------------  ------  
hf_osc/CLKHF                              HFOSC_HFOSC_R1C32  CLOCK LATENCY       0.000                  0.000  26      
u_display_scan/clk                                           NET DELAY           5.499                  5.499  26      
u_scan_counter/count_50__i23/CK                              CLOCK PIN           0.000                  5.499  1       


Data Path
Name                                      Cell/Site Name     Delay Name       Incr      Arrival/Required Time  Fanout  
----------------------------------------  -----------------  ---------------  --------  ---------------------  ------  
u_scan_counter/count_50__i23/CK->u_scan_counter/count_50__i23/Q
                                          SLICE_R17C9A       CLK_TO_Q0_DELAY     1.388                  6.887  2       
u_scan_counter/count[23]                                     NET DELAY           2.736                  9.623  2       
u_scan_counter/i517_4_lut/C->u_scan_counter/i517_4_lut/Z
                                          SLICE_R18C8A       A0_TO_F0_DELAY      0.449                 10.072  1       
u_scan_counter/n668                                          NET DELAY           2.551                 12.623  1       
u_scan_counter/i541_4_lut/A->u_scan_counter/i541_4_lut/Z
                                          SLICE_R18C7A       A1_TO_F1_DELAY      0.476                 13.099  1       
u_scan_counter/n692                                          NET DELAY           0.304                 13.403  1       
u_scan_counter/i4_4_lut/C->u_scan_counter/i4_4_lut/Z
                                          SLICE_R18C7B       C0_TO_F0_DELAY      0.476                 13.879  1       
u_scan_counter/n12                                           NET DELAY           0.304                 14.183  1       
u_scan_counter/i674_4_lut/D->u_scan_counter/i674_4_lut/Z
                                          SLICE_R18C7B       C1_TO_F1_DELAY      0.449                 14.632  16      
u_scan_counter/n87                                           NET DELAY           3.331                 17.963  16      
{u_scan_counter/count_50__i13/SR   u_scan_counter/count_50__i14/SR}
                                                             ENDPOINT            0.000                 17.963  1       


Destination Clock Path
Name                                      Cell/Site Name     Delay Name       Incr      Arrival/Required Time  Fanout  
----------------------------------------  -----------------  ---------------  --------  ---------------------  ------  
                                                             CONSTRAINT          0.000                 20.833  1       
hf_osc/CLKHF                              HFOSC_HFOSC_R1C32  CLOCK LATENCY       0.000                 20.833  26      
u_display_scan/clk                                           NET DELAY           5.499                 26.332  26      
{u_scan_counter/count_50__i13/CK   u_scan_counter/count_50__i14/CK}
                                                             CLOCK PIN           0.000                 26.332  1       
                                                             Uncertainty      -(0.000)                 26.332  
                                                             Setup time       -(0.529)                 25.803  
----------------------------------------  -----------------  ---------------  --------  ---------------------  ------  
Required Time                                                                                          25.803  
Arrival Time                                                                                        -(17.962)  
----------------------------------------  -----------------  ---------------  --------  ---------------------  ------  
Path Slack  (Passed)                                                                                    7.840  




++++ Path 9 ++++++++++++++++++++++++++++++++++++++++++++++++++++++++++ 

Path Begin       : u_scan_counter/count_50__i23/Q  (SLICE_R17C9A)
Path End         : u_scan_counter/count_50__i23/SR  (SLICE_R17C9A)
Source Clock     : clk (R)
Destination Clock: clk (R)
Logic Level      : 5
Delay Ratio      : 74.0% (route), 26.0% (logic)
Clock Skew       : 0.000 ns 
Setup Constraint : 20.833 ns 
Path Slack       : 7.840 ns  (Passed)


Source Clock Path
Name                                      Cell/Site Name     Delay Name       Incr      Arrival/Required Time  Fanout  
----------------------------------------  -----------------  ---------------  --------  ---------------------  ------  
hf_osc/CLKHF                              HFOSC_HFOSC_R1C32  CLOCK LATENCY       0.000                  0.000  26      
u_display_scan/clk                                           NET DELAY           5.499                  5.499  26      
u_scan_counter/count_50__i23/CK                              CLOCK PIN           0.000                  5.499  1       


Data Path
Name                                      Cell/Site Name     Delay Name       Incr      Arrival/Required Time  Fanout  
----------------------------------------  -----------------  ---------------  --------  ---------------------  ------  
u_scan_counter/count_50__i23/CK->u_scan_counter/count_50__i23/Q
                                          SLICE_R17C9A       CLK_TO_Q0_DELAY     1.388                  6.887  2       
u_scan_counter/count[23]                                     NET DELAY           2.736                  9.623  2       
u_scan_counter/i517_4_lut/C->u_scan_counter/i517_4_lut/Z
                                          SLICE_R18C8A       A0_TO_F0_DELAY      0.449                 10.072  1       
u_scan_counter/n668                                          NET DELAY           2.551                 12.623  1       
u_scan_counter/i541_4_lut/A->u_scan_counter/i541_4_lut/Z
                                          SLICE_R18C7A       A1_TO_F1_DELAY      0.476                 13.099  1       
u_scan_counter/n692                                          NET DELAY           0.304                 13.403  1       
u_scan_counter/i4_4_lut/C->u_scan_counter/i4_4_lut/Z
                                          SLICE_R18C7B       C0_TO_F0_DELAY      0.476                 13.879  1       
u_scan_counter/n12                                           NET DELAY           0.304                 14.183  1       
u_scan_counter/i674_4_lut/D->u_scan_counter/i674_4_lut/Z
                                          SLICE_R18C7B       C1_TO_F1_DELAY      0.449                 14.632  16      
u_scan_counter/n87                                           NET DELAY           3.331                 17.963  16      
u_scan_counter/count_50__i23/SR                              ENDPOINT            0.000                 17.963  1       


Destination Clock Path
Name                                      Cell/Site Name     Delay Name       Incr      Arrival/Required Time  Fanout  
----------------------------------------  -----------------  ---------------  --------  ---------------------  ------  
                                                             CONSTRAINT          0.000                 20.833  1       
hf_osc/CLKHF                              HFOSC_HFOSC_R1C32  CLOCK LATENCY       0.000                 20.833  26      
u_display_scan/clk                                           NET DELAY           5.499                 26.332  26      
u_scan_counter/count_50__i23/CK                              CLOCK PIN           0.000                 26.332  1       
                                                             Uncertainty      -(0.000)                 26.332  
                                                             Setup time       -(0.529)                 25.803  
----------------------------------------  -----------------  ---------------  --------  ---------------------  ------  
Required Time                                                                                          25.803  
Arrival Time                                                                                        -(17.962)  
----------------------------------------  -----------------  ---------------  --------  ---------------------  ------  
Path Slack  (Passed)                                                                                    7.840  




++++ Path 10 ++++++++++++++++++++++++++++++++++++++++++++++++++++++++++ 

Path Begin       : u_scan_counter/count_50__i23/Q  (SLICE_R17C9A)
Path End         : {u_scan_counter/count_50__i5/SR   u_scan_counter/count_50__i6/SR}  (SLICE_R17C6D)
Source Clock     : clk (R)
Destination Clock: clk (R)
Logic Level      : 5
Delay Ratio      : 73.9% (route), 26.1% (logic)
Clock Skew       : 0.000 ns 
Setup Constraint : 20.833 ns 
Path Slack       : 7.919 ns  (Passed)


Source Clock Path
Name                                      Cell/Site Name     Delay Name       Incr      Arrival/Required Time  Fanout  
----------------------------------------  -----------------  ---------------  --------  ---------------------  ------  
hf_osc/CLKHF                              HFOSC_HFOSC_R1C32  CLOCK LATENCY       0.000                  0.000  26      
u_display_scan/clk                                           NET DELAY           5.499                  5.499  26      
u_scan_counter/count_50__i23/CK                              CLOCK PIN           0.000                  5.499  1       


Data Path
Name                                      Cell/Site Name     Delay Name       Incr      Arrival/Required Time  Fanout  
----------------------------------------  -----------------  ---------------  --------  ---------------------  ------  
u_scan_counter/count_50__i23/CK->u_scan_counter/count_50__i23/Q
                                          SLICE_R17C9A       CLK_TO_Q0_DELAY     1.388                  6.887  2       
u_scan_counter/count[23]                                     NET DELAY           2.736                  9.623  2       
u_scan_counter/i517_4_lut/C->u_scan_counter/i517_4_lut/Z
                                          SLICE_R18C8A       A0_TO_F0_DELAY      0.449                 10.072  1       
u_scan_counter/n668                                          NET DELAY           2.551                 12.623  1       
u_scan_counter/i541_4_lut/A->u_scan_counter/i541_4_lut/Z
                                          SLICE_R18C7A       A1_TO_F1_DELAY      0.476                 13.099  1       
u_scan_counter/n692                                          NET DELAY           0.304                 13.403  1       
u_scan_counter/i4_4_lut/C->u_scan_counter/i4_4_lut/Z
                                          SLICE_R18C7B       C0_TO_F0_DELAY      0.476                 13.879  1       
u_scan_counter/n12                                           NET DELAY           0.304                 14.183  1       
u_scan_counter/i674_4_lut/D->u_scan_counter/i674_4_lut/Z
                                          SLICE_R18C7B       C1_TO_F1_DELAY      0.449                 14.632  16      
u_scan_counter/n87                                           NET DELAY           3.252                 17.884  16      
{u_scan_counter/count_50__i5/SR   u_scan_counter/count_50__i6/SR}
                                                             ENDPOINT            0.000                 17.884  1       


Destination Clock Path
Name                                      Cell/Site Name     Delay Name       Incr      Arrival/Required Time  Fanout  
----------------------------------------  -----------------  ---------------  --------  ---------------------  ------  
                                                             CONSTRAINT          0.000                 20.833  1       
hf_osc/CLKHF                              HFOSC_HFOSC_R1C32  CLOCK LATENCY       0.000                 20.833  26      
u_display_scan/clk                                           NET DELAY           5.499                 26.332  26      
{u_scan_counter/count_50__i5/CK   u_scan_counter/count_50__i6/CK}
                                                             CLOCK PIN           0.000                 26.332  1       
                                                             Uncertainty      -(0.000)                 26.332  
                                                             Setup time       -(0.529)                 25.803  
----------------------------------------  -----------------  ---------------  --------  ---------------------  ------  
Required Time                                                                                          25.803  
Arrival Time                                                                                        -(17.883)  
----------------------------------------  -----------------  ---------------  --------  ---------------------  ------  
Path Slack  (Passed)                                                                                    7.919  



+++++++++++++++++++++++++++++++++++++++++++++++++++++++++++++++++++++ 
                    End of Detailed Report for timing paths 
+++++++++++++++++++++++++++++++++++++++++++++++++++++++++++++++++++++ 


##########################################################



===============================================================
3  Hold at Speed Grade m Corner at -40 Degrees
===============================================================

3.1  Endpoint slacks
=======================
-------------------------------------------------------
          Listing 10 End Points          |    Slack    
-------------------------------------------------------
u_scan_counter/state_FSM_i3/D            |    1.743 ns 
u_scan_counter/state_FSM_i2/D            |    1.743 ns 
u_scan_counter/state_FSM_i1/D            |    1.743 ns 
u_scan_counter/state_FSM_i0/D            |    1.743 ns 
u_scan_counter/count_50__i18/D           |    1.913 ns 
u_scan_counter/count_50__i19/D           |    1.913 ns 
u_scan_counter/count_50__i20/D           |    1.913 ns 
u_scan_counter/count_50__i21/D           |    1.913 ns 
u_scan_counter/count_50__i22/D           |    1.913 ns 
u_scan_counter/count_50__i23/D           |    1.913 ns 
-------------------------------------------------------
                                         |             
Hold # of endpoints with negative slack: |           0 
                                         |             
-------------------------------------------------------

3.2  Detailed Report
=======================


XXXXXXXXXXXXXXXXXXXXXXXXXXXXXXXXXXXXXXXXXXXXXXXXXXXXXXXXXX

Detail report of critical paths

XXXXXXXXXXXXXXXXXXXXXXXXXXXXXXXXXXXXXXXXXXXXXXXXXXXXXXXXXX

+++++++++++++++++++++++++++++++++++++++++++++++++++++++++++++++++++++ 
                    Detailed Report for timing paths 
+++++++++++++++++++++++++++++++++++++++++++++++++++++++++++++++++++++ 

++++ Path 1 ++++++++++++++++++++++++++++++++++++++++++++++++++++++++++ 

Path Begin       : u_scan_counter/state_FSM_i2/Q  (SLICE_R15C3C)
Path End         : u_scan_counter/state_FSM_i3/D  (SLICE_R15C3A)
Source Clock     : clk (R)
Destination Clock: clk (R)
Logic Level      : 2
Delay Ratio      : 40.8% (route), 59.2% (logic)
Clock Skew       : 0.000 ns 
Hold Constraint  : 0.000 ns 
Path Slack       : 1.743 ns  (Passed)


Source Clock Path
Name                                      Cell/Site Name     Delay Name       Incr   Arrival/Required Time  Fanout  
----------------------------------------  -----------------  ---------------  -----  ---------------------  ------  
hf_osc/CLKHF                              HFOSC_HFOSC_R1C32  CLOCK LATENCY    0.000                  0.000  27      
u_display_scan/clk                                           NET DELAY        3.084                  3.084  27      
u_scan_counter/state_FSM_i2/CK                               CLOCK PIN        0.000                  3.084  1       


Data Path
Name                                      Cell/Site Name     Delay Name       Incr   Arrival/Required Time  Fanout  
----------------------------------------  -----------------  ---------------  -----  ---------------------  ------  
u_scan_counter/state_FSM_i2/CK->u_scan_counter/state_FSM_i2/Q
                                          SLICE_R15C3C       CLK_TO_Q1_DELAY  0.779                  3.863  4       
u_scan_counter/rows_c_2__N_46[2]                             NET DELAY        0.712                  4.575  4       
u_scan_counter.SLICE_47/D1->u_scan_counter.SLICE_47/F1
                                          SLICE_R15C3A       D1_TO_F1_DELAY   0.252                  4.827  1       
u_scan_counter.rows_c_2__N_46[2].sig_000.FeedThruLUT
                                                             NET DELAY        0.000                  4.827  1       
u_scan_counter/state_FSM_i3/D                                ENDPOINT         0.000                  4.827  1       


Destination Clock Path
Name                                      Cell/Site Name     Delay Name       Incr   Arrival/Required Time  Fanout  
----------------------------------------  -----------------  ---------------  -----  ---------------------  ------  
                                                             CONSTRAINT       0.000                  0.000  1       
hf_osc/CLKHF                              HFOSC_HFOSC_R1C32  CLOCK LATENCY    0.000                  0.000  27      
u_display_scan/clk                                           NET DELAY        3.084                  3.084  27      
u_scan_counter/state_FSM_i3/CK                               CLOCK PIN        0.000                  3.084  1       
                                                             Uncertainty      0.000                  3.084  
                                                             Hold time        0.000                  3.084  
----------------------------------------  -----------------  ---------------  -----  ---------------------  ------  
Required Time                                                                                       -3.084  
Arrival Time                                                                                         4.827  
----------------------------------------  -----------------  ---------------  -----  ---------------------  ------  
Path Slack  (Passed)                                                                                 1.743  




++++ Path 2 ++++++++++++++++++++++++++++++++++++++++++++++++++++++++++ 

Path Begin       : u_scan_counter/state_FSM_i1/Q  (SLICE_R15C3B)
Path End         : u_scan_counter/state_FSM_i2/D  (SLICE_R15C3C)
Source Clock     : clk (R)
Destination Clock: clk (R)
Logic Level      : 2
Delay Ratio      : 40.8% (route), 59.2% (logic)
Clock Skew       : 0.000 ns 
Hold Constraint  : 0.000 ns 
Path Slack       : 1.743 ns  (Passed)


Source Clock Path
Name                                      Cell/Site Name     Delay Name       Incr   Arrival/Required Time  Fanout  
----------------------------------------  -----------------  ---------------  -----  ---------------------  ------  
hf_osc/CLKHF                              HFOSC_HFOSC_R1C32  CLOCK LATENCY    0.000                  0.000  27      
u_display_scan/clk                                           NET DELAY        3.084                  3.084  27      
{u_scan_counter/state_FSM_i1/CK   u_scan_counter/state_FSM_i0/CK}
                                                             CLOCK PIN        0.000                  3.084  1       


Data Path
Name                                      Cell/Site Name     Delay Name       Incr   Arrival/Required Time  Fanout  
----------------------------------------  -----------------  ---------------  -----  ---------------------  ------  
u_scan_counter/state_FSM_i1/CK->u_scan_counter/state_FSM_i1/Q
                                          SLICE_R15C3B       CLK_TO_Q0_DELAY  0.779                  3.863  3       
u_scan_counter/rows_c_2__N_46[1]                             NET DELAY        0.712                  4.575  3       
u_scan_counter.SLICE_46/D1->u_scan_counter.SLICE_46/F1
                                          SLICE_R15C3C       D1_TO_F1_DELAY   0.252                  4.827  1       
u_scan_counter.rows_c_2__N_46[1].sig_001.FeedThruLUT
                                                             NET DELAY        0.000                  4.827  1       
u_scan_counter/state_FSM_i2/D                                ENDPOINT         0.000                  4.827  1       


Destination Clock Path
Name                                      Cell/Site Name     Delay Name       Incr   Arrival/Required Time  Fanout  
----------------------------------------  -----------------  ---------------  -----  ---------------------  ------  
                                                             CONSTRAINT       0.000                  0.000  1       
hf_osc/CLKHF                              HFOSC_HFOSC_R1C32  CLOCK LATENCY    0.000                  0.000  27      
u_display_scan/clk                                           NET DELAY        3.084                  3.084  27      
u_scan_counter/state_FSM_i2/CK                               CLOCK PIN        0.000                  3.084  1       
                                                             Uncertainty      0.000                  3.084  
                                                             Hold time        0.000                  3.084  
----------------------------------------  -----------------  ---------------  -----  ---------------------  ------  
Required Time                                                                                       -3.084  
Arrival Time                                                                                         4.827  
----------------------------------------  -----------------  ---------------  -----  ---------------------  ------  
Path Slack  (Passed)                                                                                 1.743  




++++ Path 3 ++++++++++++++++++++++++++++++++++++++++++++++++++++++++++ 

Path Begin       : u_scan_counter/state_FSM_i0/Q  (SLICE_R15C3B)
Path End         : u_scan_counter/state_FSM_i1/D  (SLICE_R15C3B)
Source Clock     : clk (R)
Destination Clock: clk (R)
Logic Level      : 2
Delay Ratio      : 40.8% (route), 59.2% (logic)
Clock Skew       : 0.000 ns 
Hold Constraint  : 0.000 ns 
Path Slack       : 1.743 ns  (Passed)


Source Clock Path
Name                                      Cell/Site Name     Delay Name       Incr   Arrival/Required Time  Fanout  
----------------------------------------  -----------------  ---------------  -----  ---------------------  ------  
hf_osc/CLKHF                              HFOSC_HFOSC_R1C32  CLOCK LATENCY    0.000                  0.000  27      
u_display_scan/clk                                           NET DELAY        3.084                  3.084  27      
{u_scan_counter/state_FSM_i1/CK   u_scan_counter/state_FSM_i0/CK}
                                                             CLOCK PIN        0.000                  3.084  1       


Data Path
Name                                      Cell/Site Name     Delay Name       Incr   Arrival/Required Time  Fanout  
----------------------------------------  -----------------  ---------------  -----  ---------------------  ------  
u_scan_counter/state_FSM_i0/CK->u_scan_counter/state_FSM_i0/Q
                                          SLICE_R15C3B       CLK_TO_Q1_DELAY  0.779                  3.863  1       
u_scan_counter/rows_c_2__N_46[0]                             NET DELAY        0.712                  4.575  1       
u_scan_counter.SLICE_23/D0->u_scan_counter.SLICE_23/F0
                                          SLICE_R15C3B       D0_TO_F0_DELAY   0.252                  4.827  1       
u_scan_counter.rows_c_2__N_46[0].sig_002.FeedThruLUT
                                                             NET DELAY        0.000                  4.827  1       
u_scan_counter/state_FSM_i1/D                                ENDPOINT         0.000                  4.827  1       


Destination Clock Path
Name                                      Cell/Site Name     Delay Name       Incr   Arrival/Required Time  Fanout  
----------------------------------------  -----------------  ---------------  -----  ---------------------  ------  
                                                             CONSTRAINT       0.000                  0.000  1       
hf_osc/CLKHF                              HFOSC_HFOSC_R1C32  CLOCK LATENCY    0.000                  0.000  27      
u_display_scan/clk                                           NET DELAY        3.084                  3.084  27      
{u_scan_counter/state_FSM_i1/CK   u_scan_counter/state_FSM_i0/CK}
                                                             CLOCK PIN        0.000                  3.084  1       
                                                             Uncertainty      0.000                  3.084  
                                                             Hold time        0.000                  3.084  
----------------------------------------  -----------------  ---------------  -----  ---------------------  ------  
Required Time                                                                                       -3.084  
Arrival Time                                                                                         4.827  
----------------------------------------  -----------------  ---------------  -----  ---------------------  ------  
Path Slack  (Passed)                                                                                 1.743  




++++ Path 4 ++++++++++++++++++++++++++++++++++++++++++++++++++++++++++ 

Path Begin       : u_scan_counter/state_FSM_i3/Q  (SLICE_R15C3A)
Path End         : u_scan_counter/state_FSM_i0/D  (SLICE_R15C3B)
Source Clock     : clk (R)
Destination Clock: clk (R)
Logic Level      : 2
Delay Ratio      : 40.8% (route), 59.2% (logic)
Clock Skew       : 0.000 ns 
Hold Constraint  : 0.000 ns 
Path Slack       : 1.743 ns  (Passed)


Source Clock Path
Name                                      Cell/Site Name     Delay Name       Incr   Arrival/Required Time  Fanout  
----------------------------------------  -----------------  ---------------  -----  ---------------------  ------  
hf_osc/CLKHF                              HFOSC_HFOSC_R1C32  CLOCK LATENCY    0.000                  0.000  27      
u_display_scan/clk                                           NET DELAY        3.084                  3.084  27      
u_scan_counter/state_FSM_i3/CK                               CLOCK PIN        0.000                  3.084  1       


Data Path
Name                                      Cell/Site Name     Delay Name       Incr   Arrival/Required Time  Fanout  
----------------------------------------  -----------------  ---------------  -----  ---------------------  ------  
u_scan_counter/state_FSM_i3/CK->u_scan_counter/state_FSM_i3/Q
                                          SLICE_R15C3A       CLK_TO_Q1_DELAY  0.779                  3.863  5       
u_scan_counter/rows_c[0]                                     NET DELAY        0.712                  4.575  5       
u_scan_counter.SLICE_23/D1->u_scan_counter.SLICE_23/F1
                                          SLICE_R15C3B       D1_TO_F1_DELAY   0.252                  4.827  1       
rows_c[0].sig_003.FeedThruLUT                                NET DELAY        0.000                  4.827  1       
u_scan_counter/state_FSM_i0/D                                ENDPOINT         0.000                  4.827  1       


Destination Clock Path
Name                                      Cell/Site Name     Delay Name       Incr   Arrival/Required Time  Fanout  
----------------------------------------  -----------------  ---------------  -----  ---------------------  ------  
                                                             CONSTRAINT       0.000                  0.000  1       
hf_osc/CLKHF                              HFOSC_HFOSC_R1C32  CLOCK LATENCY    0.000                  0.000  27      
u_display_scan/clk                                           NET DELAY        3.084                  3.084  27      
{u_scan_counter/state_FSM_i1/CK   u_scan_counter/state_FSM_i0/CK}
                                                             CLOCK PIN        0.000                  3.084  1       
                                                             Uncertainty      0.000                  3.084  
                                                             Hold time        0.000                  3.084  
----------------------------------------  -----------------  ---------------  -----  ---------------------  ------  
Required Time                                                                                       -3.084  
Arrival Time                                                                                         4.827  
----------------------------------------  -----------------  ---------------  -----  ---------------------  ------  
Path Slack  (Passed)                                                                                 1.743  




++++ Path 5 ++++++++++++++++++++++++++++++++++++++++++++++++++++++++++ 

Path Begin       : u_scan_counter/count_50__i18/Q  (SLICE_R17C8B)
Path End         : u_scan_counter/count_50__i18/D  (SLICE_R17C8B)
Source Clock     : clk (R)
Destination Clock: clk (R)
Logic Level      : 2
Delay Ratio      : 46.1% (route), 53.9% (logic)
Clock Skew       : 0.000 ns 
Hold Constraint  : 0.000 ns 
Path Slack       : 1.913 ns  (Passed)


Source Clock Path
Name                                      Cell/Site Name     Delay Name       Incr   Arrival/Required Time  Fanout  
----------------------------------------  -----------------  ---------------  -----  ---------------------  ------  
hf_osc/CLKHF                              HFOSC_HFOSC_R1C32  CLOCK LATENCY    0.000                  0.000  27      
u_display_scan/clk                                           NET DELAY        3.084                  3.084  27      
{u_scan_counter/count_50__i17/CK   u_scan_counter/count_50__i18/CK}
                                                             CLOCK PIN        0.000                  3.084  1       


Data Path
Name                                      Cell/Site Name     Delay Name       Incr   Arrival/Required Time  Fanout  
----------------------------------------  -----------------  ---------------  -----  ---------------------  ------  
u_scan_counter/count_50__i18/CK->u_scan_counter/count_50__i18/Q
                                          SLICE_R17C8B       CLK_TO_Q1_DELAY  0.779                  3.863  2       
u_scan_counter/count[18]                                     NET DELAY        0.882                  4.745  2       
u_scan_counter/count_50_add_4_19/C1->u_scan_counter/count_50_add_4_19/S1
                                          SLICE_R17C8B       C1_TO_F1_DELAY   0.252                  4.997  1       
u_scan_counter/n101[18]                                      NET DELAY        0.000                  4.997  1       
u_scan_counter/count_50__i18/D                               ENDPOINT         0.000                  4.997  1       


Destination Clock Path
Name                                      Cell/Site Name     Delay Name       Incr   Arrival/Required Time  Fanout  
----------------------------------------  -----------------  ---------------  -----  ---------------------  ------  
                                                             CONSTRAINT       0.000                  0.000  1       
hf_osc/CLKHF                              HFOSC_HFOSC_R1C32  CLOCK LATENCY    0.000                  0.000  27      
u_display_scan/clk                                           NET DELAY        3.084                  3.084  27      
{u_scan_counter/count_50__i17/CK   u_scan_counter/count_50__i18/CK}
                                                             CLOCK PIN        0.000                  3.084  1       
                                                             Uncertainty      0.000                  3.084  
                                                             Hold time        0.000                  3.084  
----------------------------------------  -----------------  ---------------  -----  ---------------------  ------  
Required Time                                                                                       -3.084  
Arrival Time                                                                                         4.997  
----------------------------------------  -----------------  ---------------  -----  ---------------------  ------  
Path Slack  (Passed)                                                                                 1.913  




++++ Path 6 ++++++++++++++++++++++++++++++++++++++++++++++++++++++++++ 

Path Begin       : u_scan_counter/count_50__i19/Q  (SLICE_R17C8C)
Path End         : u_scan_counter/count_50__i19/D  (SLICE_R17C8C)
Source Clock     : clk (R)
Destination Clock: clk (R)
Logic Level      : 2
Delay Ratio      : 46.1% (route), 53.9% (logic)
Clock Skew       : 0.000 ns 
Hold Constraint  : 0.000 ns 
Path Slack       : 1.913 ns  (Passed)


Source Clock Path
Name                                      Cell/Site Name     Delay Name       Incr   Arrival/Required Time  Fanout  
----------------------------------------  -----------------  ---------------  -----  ---------------------  ------  
hf_osc/CLKHF                              HFOSC_HFOSC_R1C32  CLOCK LATENCY    0.000                  0.000  27      
u_display_scan/clk                                           NET DELAY        3.084                  3.084  27      
{u_scan_counter/count_50__i19/CK   u_scan_counter/count_50__i20/CK}
                                                             CLOCK PIN        0.000                  3.084  1       


Data Path
Name                                      Cell/Site Name     Delay Name       Incr   Arrival/Required Time  Fanout  
----------------------------------------  -----------------  ---------------  -----  ---------------------  ------  
u_scan_counter/count_50__i19/CK->u_scan_counter/count_50__i19/Q
                                          SLICE_R17C8C       CLK_TO_Q0_DELAY  0.779                  3.863  2       
u_scan_counter/count[19]                                     NET DELAY        0.882                  4.745  2       
u_scan_counter/count_50_add_4_21/C0->u_scan_counter/count_50_add_4_21/S0
                                          SLICE_R17C8C       C0_TO_F0_DELAY   0.252                  4.997  1       
u_scan_counter/n101[19]                                      NET DELAY        0.000                  4.997  1       
u_scan_counter/count_50__i19/D                               ENDPOINT         0.000                  4.997  1       


Destination Clock Path
Name                                      Cell/Site Name     Delay Name       Incr   Arrival/Required Time  Fanout  
----------------------------------------  -----------------  ---------------  -----  ---------------------  ------  
                                                             CONSTRAINT       0.000                  0.000  1       
hf_osc/CLKHF                              HFOSC_HFOSC_R1C32  CLOCK LATENCY    0.000                  0.000  27      
u_display_scan/clk                                           NET DELAY        3.084                  3.084  27      
{u_scan_counter/count_50__i19/CK   u_scan_counter/count_50__i20/CK}
                                                             CLOCK PIN        0.000                  3.084  1       
                                                             Uncertainty      0.000                  3.084  
                                                             Hold time        0.000                  3.084  
----------------------------------------  -----------------  ---------------  -----  ---------------------  ------  
Required Time                                                                                       -3.084  
Arrival Time                                                                                         4.997  
----------------------------------------  -----------------  ---------------  -----  ---------------------  ------  
Path Slack  (Passed)                                                                                 1.913  




++++ Path 7 ++++++++++++++++++++++++++++++++++++++++++++++++++++++++++ 

Path Begin       : u_scan_counter/count_50__i20/Q  (SLICE_R17C8C)
Path End         : u_scan_counter/count_50__i20/D  (SLICE_R17C8C)
Source Clock     : clk (R)
Destination Clock: clk (R)
Logic Level      : 2
Delay Ratio      : 46.1% (route), 53.9% (logic)
Clock Skew       : 0.000 ns 
Hold Constraint  : 0.000 ns 
Path Slack       : 1.913 ns  (Passed)


Source Clock Path
Name                                      Cell/Site Name     Delay Name       Incr   Arrival/Required Time  Fanout  
----------------------------------------  -----------------  ---------------  -----  ---------------------  ------  
hf_osc/CLKHF                              HFOSC_HFOSC_R1C32  CLOCK LATENCY    0.000                  0.000  27      
u_display_scan/clk                                           NET DELAY        3.084                  3.084  27      
{u_scan_counter/count_50__i19/CK   u_scan_counter/count_50__i20/CK}
                                                             CLOCK PIN        0.000                  3.084  1       


Data Path
Name                                      Cell/Site Name     Delay Name       Incr   Arrival/Required Time  Fanout  
----------------------------------------  -----------------  ---------------  -----  ---------------------  ------  
u_scan_counter/count_50__i20/CK->u_scan_counter/count_50__i20/Q
                                          SLICE_R17C8C       CLK_TO_Q1_DELAY  0.779                  3.863  2       
u_scan_counter/count[20]                                     NET DELAY        0.882                  4.745  2       
u_scan_counter/count_50_add_4_21/C1->u_scan_counter/count_50_add_4_21/S1
                                          SLICE_R17C8C       C1_TO_F1_DELAY   0.252                  4.997  1       
u_scan_counter/n101[20]                                      NET DELAY        0.000                  4.997  1       
u_scan_counter/count_50__i20/D                               ENDPOINT         0.000                  4.997  1       


Destination Clock Path
Name                                      Cell/Site Name     Delay Name       Incr   Arrival/Required Time  Fanout  
----------------------------------------  -----------------  ---------------  -----  ---------------------  ------  
                                                             CONSTRAINT       0.000                  0.000  1       
hf_osc/CLKHF                              HFOSC_HFOSC_R1C32  CLOCK LATENCY    0.000                  0.000  27      
u_display_scan/clk                                           NET DELAY        3.084                  3.084  27      
{u_scan_counter/count_50__i19/CK   u_scan_counter/count_50__i20/CK}
                                                             CLOCK PIN        0.000                  3.084  1       
                                                             Uncertainty      0.000                  3.084  
                                                             Hold time        0.000                  3.084  
----------------------------------------  -----------------  ---------------  -----  ---------------------  ------  
Required Time                                                                                       -3.084  
Arrival Time                                                                                         4.997  
----------------------------------------  -----------------  ---------------  -----  ---------------------  ------  
Path Slack  (Passed)                                                                                 1.913  




++++ Path 8 ++++++++++++++++++++++++++++++++++++++++++++++++++++++++++ 

Path Begin       : u_scan_counter/count_50__i21/Q  (SLICE_R17C8D)
Path End         : u_scan_counter/count_50__i21/D  (SLICE_R17C8D)
Source Clock     : clk (R)
Destination Clock: clk (R)
Logic Level      : 2
Delay Ratio      : 46.1% (route), 53.9% (logic)
Clock Skew       : 0.000 ns 
Hold Constraint  : 0.000 ns 
Path Slack       : 1.913 ns  (Passed)


Source Clock Path
Name                                      Cell/Site Name     Delay Name       Incr   Arrival/Required Time  Fanout  
----------------------------------------  -----------------  ---------------  -----  ---------------------  ------  
hf_osc/CLKHF                              HFOSC_HFOSC_R1C32  CLOCK LATENCY    0.000                  0.000  27      
u_display_scan/clk                                           NET DELAY        3.084                  3.084  27      
{u_scan_counter/count_50__i21/CK   u_scan_counter/count_50__i22/CK}
                                                             CLOCK PIN        0.000                  3.084  1       


Data Path
Name                                      Cell/Site Name     Delay Name       Incr   Arrival/Required Time  Fanout  
----------------------------------------  -----------------  ---------------  -----  ---------------------  ------  
u_scan_counter/count_50__i21/CK->u_scan_counter/count_50__i21/Q
                                          SLICE_R17C8D       CLK_TO_Q0_DELAY  0.779                  3.863  2       
u_scan_counter/count[21]                                     NET DELAY        0.882                  4.745  2       
u_scan_counter/count_50_add_4_23/C0->u_scan_counter/count_50_add_4_23/S0
                                          SLICE_R17C8D       C0_TO_F0_DELAY   0.252                  4.997  1       
u_scan_counter/n101[21]                                      NET DELAY        0.000                  4.997  1       
u_scan_counter/count_50__i21/D                               ENDPOINT         0.000                  4.997  1       


Destination Clock Path
Name                                      Cell/Site Name     Delay Name       Incr   Arrival/Required Time  Fanout  
----------------------------------------  -----------------  ---------------  -----  ---------------------  ------  
                                                             CONSTRAINT       0.000                  0.000  1       
hf_osc/CLKHF                              HFOSC_HFOSC_R1C32  CLOCK LATENCY    0.000                  0.000  27      
u_display_scan/clk                                           NET DELAY        3.084                  3.084  27      
{u_scan_counter/count_50__i21/CK   u_scan_counter/count_50__i22/CK}
                                                             CLOCK PIN        0.000                  3.084  1       
                                                             Uncertainty      0.000                  3.084  
                                                             Hold time        0.000                  3.084  
----------------------------------------  -----------------  ---------------  -----  ---------------------  ------  
Required Time                                                                                       -3.084  
Arrival Time                                                                                         4.997  
----------------------------------------  -----------------  ---------------  -----  ---------------------  ------  
Path Slack  (Passed)                                                                                 1.913  




++++ Path 9 ++++++++++++++++++++++++++++++++++++++++++++++++++++++++++ 

Path Begin       : u_scan_counter/count_50__i22/Q  (SLICE_R17C8D)
Path End         : u_scan_counter/count_50__i22/D  (SLICE_R17C8D)
Source Clock     : clk (R)
Destination Clock: clk (R)
Logic Level      : 2
Delay Ratio      : 46.1% (route), 53.9% (logic)
Clock Skew       : 0.000 ns 
Hold Constraint  : 0.000 ns 
Path Slack       : 1.913 ns  (Passed)


Source Clock Path
Name                                      Cell/Site Name     Delay Name       Incr   Arrival/Required Time  Fanout  
----------------------------------------  -----------------  ---------------  -----  ---------------------  ------  
hf_osc/CLKHF                              HFOSC_HFOSC_R1C32  CLOCK LATENCY    0.000                  0.000  27      
u_display_scan/clk                                           NET DELAY        3.084                  3.084  27      
{u_scan_counter/count_50__i21/CK   u_scan_counter/count_50__i22/CK}
                                                             CLOCK PIN        0.000                  3.084  1       


Data Path
Name                                      Cell/Site Name     Delay Name       Incr   Arrival/Required Time  Fanout  
----------------------------------------  -----------------  ---------------  -----  ---------------------  ------  
u_scan_counter/count_50__i22/CK->u_scan_counter/count_50__i22/Q
                                          SLICE_R17C8D       CLK_TO_Q1_DELAY  0.779                  3.863  2       
u_scan_counter/count[22]                                     NET DELAY        0.882                  4.745  2       
u_scan_counter/count_50_add_4_23/C1->u_scan_counter/count_50_add_4_23/S1
                                          SLICE_R17C8D       C1_TO_F1_DELAY   0.252                  4.997  1       
u_scan_counter/n101[22]                                      NET DELAY        0.000                  4.997  1       
u_scan_counter/count_50__i22/D                               ENDPOINT         0.000                  4.997  1       


Destination Clock Path
Name                                      Cell/Site Name     Delay Name       Incr   Arrival/Required Time  Fanout  
----------------------------------------  -----------------  ---------------  -----  ---------------------  ------  
                                                             CONSTRAINT       0.000                  0.000  1       
hf_osc/CLKHF                              HFOSC_HFOSC_R1C32  CLOCK LATENCY    0.000                  0.000  27      
u_display_scan/clk                                           NET DELAY        3.084                  3.084  27      
{u_scan_counter/count_50__i21/CK   u_scan_counter/count_50__i22/CK}
                                                             CLOCK PIN        0.000                  3.084  1       
                                                             Uncertainty      0.000                  3.084  
                                                             Hold time        0.000                  3.084  
----------------------------------------  -----------------  ---------------  -----  ---------------------  ------  
Required Time                                                                                       -3.084  
Arrival Time                                                                                         4.997  
----------------------------------------  -----------------  ---------------  -----  ---------------------  ------  
Path Slack  (Passed)                                                                                 1.913  




++++ Path 10 ++++++++++++++++++++++++++++++++++++++++++++++++++++++++++ 

Path Begin       : u_scan_counter/count_50__i23/Q  (SLICE_R17C9A)
Path End         : u_scan_counter/count_50__i23/D  (SLICE_R17C9A)
Source Clock     : clk (R)
Destination Clock: clk (R)
Logic Level      : 2
Delay Ratio      : 46.1% (route), 53.9% (logic)
Clock Skew       : 0.000 ns 
Hold Constraint  : 0.000 ns 
Path Slack       : 1.913 ns  (Passed)


Source Clock Path
Name                                      Cell/Site Name     Delay Name       Incr   Arrival/Required Time  Fanout  
----------------------------------------  -----------------  ---------------  -----  ---------------------  ------  
hf_osc/CLKHF                              HFOSC_HFOSC_R1C32  CLOCK LATENCY    0.000                  0.000  27      
u_display_scan/clk                                           NET DELAY        3.084                  3.084  27      
u_scan_counter/count_50__i23/CK                              CLOCK PIN        0.000                  3.084  1       


Data Path
Name                                      Cell/Site Name     Delay Name       Incr   Arrival/Required Time  Fanout  
----------------------------------------  -----------------  ---------------  -----  ---------------------  ------  
u_scan_counter/count_50__i23/CK->u_scan_counter/count_50__i23/Q
                                          SLICE_R17C9A       CLK_TO_Q0_DELAY  0.779                  3.863  2       
u_scan_counter/count[23]                                     NET DELAY        0.882                  4.745  2       
u_scan_counter/count_50_add_4_25/C0->u_scan_counter/count_50_add_4_25/S0
                                          SLICE_R17C9A       C0_TO_F0_DELAY   0.252                  4.997  1       
u_scan_counter/n101[23]                                      NET DELAY        0.000                  4.997  1       
u_scan_counter/count_50__i23/D                               ENDPOINT         0.000                  4.997  1       


Destination Clock Path
Name                                      Cell/Site Name     Delay Name       Incr   Arrival/Required Time  Fanout  
----------------------------------------  -----------------  ---------------  -----  ---------------------  ------  
                                                             CONSTRAINT       0.000                  0.000  1       
hf_osc/CLKHF                              HFOSC_HFOSC_R1C32  CLOCK LATENCY    0.000                  0.000  27      
u_display_scan/clk                                           NET DELAY        3.084                  3.084  27      
u_scan_counter/count_50__i23/CK                              CLOCK PIN        0.000                  3.084  1       
                                                             Uncertainty      0.000                  3.084  
                                                             Hold time        0.000                  3.084  
----------------------------------------  -----------------  ---------------  -----  ---------------------  ------  
Required Time                                                                                       -3.084  
Arrival Time                                                                                         4.997  
----------------------------------------  -----------------  ---------------  -----  ---------------------  ------  
Path Slack  (Passed)                                                                                 1.913  



+++++++++++++++++++++++++++++++++++++++++++++++++++++++++++++++++++++ 
                    End of Detailed Report for timing paths 
+++++++++++++++++++++++++++++++++++++++++++++++++++++++++++++++++++++ 


##########################################################



